Archive member included because of file (symbol)

C:\Program Files (x86)\VEX Robotics\VEXcode Pro V5\sdk/vexv5\libv5rt.a(v5_startup.c.obj)
                              (vexStartup)
C:\Program Files (x86)\VEX Robotics\VEXcode Pro V5\sdk/vexv5\libv5rt.a(v5_util.c.obj)
                              C:\Program Files (x86)\VEX Robotics\VEXcode Pro V5\sdk/vexv5\libv5rt.a(v5_startup.c.obj) (vexStdlibVersionLinked)
C:\Program Files (x86)\VEX Robotics\VEXcode Pro V5\sdk/vexv5\libv5rt.a(v5_apijump.c.obj)
                              C:\Program Files (x86)\VEX Robotics\VEXcode Pro V5\sdk/vexv5\libv5rt.a(v5_startup.c.obj) (vexPrivateApiEnable)
C:\Program Files (x86)\VEX Robotics\VEXcode Pro V5\sdk/vexv5\libv5rt.a(v5_apiversions.c.obj)
                              C:\Program Files (x86)\VEX Robotics\VEXcode Pro V5\sdk/vexv5\libv5rt.a(v5_apijump.c.obj) (vexSystemVersion)
C:\Program Files (x86)\VEX Robotics\VEXcode Pro V5\sdk/vexv5\libv5rt.a(vex_global.cpp.obj)
                              build/src/main.o (vex::wait(double, vex::timeUnits))
C:\Program Files (x86)\VEX Robotics\VEXcode Pro V5\sdk/vexv5\libv5rt.a(vex_motor.cpp.obj)
                              build/src/main.o (vex::motor::~motor())
C:\Program Files (x86)\VEX Robotics\VEXcode Pro V5\sdk/vexv5\libv5rt.a(vex_imu.cpp.obj)
                              build/src/JAR-Template/drive.o (vex::inertial::setRotation(double, vex::rotationUnits))
C:\Program Files (x86)\VEX Robotics\VEXcode Pro V5\sdk/vexv5\libv5rt.a(vex_rotation.cpp.obj)
                              build/src/main.o (vex::rotation::~rotation())
C:\Program Files (x86)\VEX Robotics\VEXcode Pro V5\sdk/vexv5\libv5rt.a(vex_controller.cpp.obj)
                              build/src/robot-config.o (vex::controller::~controller())
C:\Program Files (x86)\VEX Robotics\VEXcode Pro V5\sdk/vexv5\libv5rt.a(vex_task.cpp.obj)
                              build/src/JAR-Template/drive.o (vex::task::task())
C:\Program Files (x86)\VEX Robotics\VEXcode Pro V5\sdk/vexv5\libv5rt.a(vex_thread.cpp.obj)
                              C:\Program Files (x86)\VEX Robotics\VEXcode Pro V5\sdk/vexv5\libv5rt.a(vex_global.cpp.obj) (vex::this_thread::sleep_for(unsigned long))
C:\Program Files (x86)\VEX Robotics\VEXcode Pro V5\sdk/vexv5\libv5rt.a(vex_event.cpp.obj)
                              C:\Program Files (x86)\VEX Robotics\VEXcode Pro V5\sdk/vexv5\libv5rt.a(vex_imu.cpp.obj) (vex::event::init(unsigned long, unsigned long, void (*)()))
C:\Program Files (x86)\VEX Robotics\VEXcode Pro V5\sdk/vexv5\libv5rt.a(vex_mevent.cpp.obj)
                              C:\Program Files (x86)\VEX Robotics\VEXcode Pro V5\sdk/vexv5\libv5rt.a(vex_controller.cpp.obj) (vex::mevent::mevent(unsigned long, unsigned long))
C:\Program Files (x86)\VEX Robotics\VEXcode Pro V5\sdk/vexv5\libv5rt.a(vex_brain.cpp.obj)
                              build/src/robot-config.o (vex::brain::brain())
C:\Program Files (x86)\VEX Robotics\VEXcode Pro V5\sdk/vexv5\libv5rt.a(vex_competition.cpp.obj)
                              build/src/main.o (vex::competition::competition())
C:\Program Files (x86)\VEX Robotics\VEXcode Pro V5\sdk/vexv5\libv5rt.a(vex_triport.cpp.obj)
                              build/src/main.o (vex::triport::~triport())
C:\Program Files (x86)\VEX Robotics\VEXcode Pro V5\sdk/vexv5\libv5rt.a(vex_color.cpp.obj)
                              C:\Program Files (x86)\VEX Robotics\VEXcode Pro V5\sdk/vexv5\libv5rt.a(vex_brain.cpp.obj) (vex::color::operator unsigned long() const)
C:\Program Files (x86)\VEX Robotics\VEXcode Pro V5\sdk/vexv5\libv5rt.a(vex_timer.cpp.obj)
                              C:\Program Files (x86)\VEX Robotics\VEXcode Pro V5\sdk/vexv5\libv5rt.a(vex_brain.cpp.obj) (vex::timer::~timer())
C:\Program Files (x86)\VEX Robotics\VEXcode Pro V5\sdk/vexv5\libv5rt.a(vex_motorgroup.cpp.obj)
                              build/src/JAR-Template/drive.o (vex::motor_group::motor_group_motors::motor_group_motors(vex::motor_group::motor_group_motors const&))
C:\Program Files (x86)\VEX Robotics\VEXcode Pro V5\sdk/vexv5\libv5rt.a(v5_apiuser.c.obj)
                              C:\Program Files (x86)\VEX Robotics\VEXcode Pro V5\sdk/vexv5\libv5rt.a(vex_triport.cpp.obj) (vexAdiPortConfigSet)
C:\Program Files (x86)\VEX Robotics\VEXcode Pro V5\sdk/vexv5\libv5rt.a(vex_device.cpp.obj)
                              C:\Program Files (x86)\VEX Robotics\VEXcode Pro V5\sdk/vexv5\libv5rt.a(vex_motor.cpp.obj) (vex::device::~device())
C:\Program Files (x86)\VEX Robotics\VEXcode Pro V5\sdk/vexv5/gcc/libs\libc.a(lib_a-aeabi_memmove-soft.o)
                              build/src/autons.o (__aeabi_memmove8)
C:\Program Files (x86)\VEX Robotics\VEXcode Pro V5\sdk/vexv5/gcc/libs\libc.a(lib_a-fini.o)
                              C:\Program Files (x86)\VEX Robotics\VEXcode Pro V5\sdk/vexv5\libv5rt.a(v5_startup.c.obj) (__libc_fini_array)
C:\Program Files (x86)\VEX Robotics\VEXcode Pro V5\sdk/vexv5/gcc/libs\libc.a(lib_a-impure.o)
[...]
Memory Configuration

Name             Origin             Length             Attributes
ps7_ddr_0_S_AXI_BASEADDR 0x03800000         0x04800000
*default*        0x00000000         0xffffffff

Linker script and memory map

                0x00002000                _STACK_SIZE = DEFINED (_STACK_SIZE)?_STACK_SIZE:0x2000
                0x00100000                _HEAP_SIZE = DEFINED (_HEAP_SIZE)?_HEAP_SIZE:0x100000
                0x00000400                _ABORT_STACK_SIZE = DEFINED (_ABORT_STACK_SIZE)?_ABORT_STACK_SIZE:0x400
                0x00000800                _SUPERVISOR_STACK_SIZE = DEFINED (_SUPERVISOR_STACK_SIZE)?_SUPERVISOR_STACK_SIZE:0x800
                0x00000400                _IRQ_STACK_SIZE = DEFINED (_IRQ_STACK_SIZE)?_IRQ_STACK_SIZE:0x400
                0x00000400                _FIQ_STACK_SIZE = DEFINED (_FIQ_STACK_SIZE)?_FIQ_STACK_SIZE:0x400
                0x00000400                _UNDEF_STACK_SIZE = DEFINED (_UNDEF_STACK_SIZE)?_UNDEF_STACK_SIZE:0x400

.text           0x03800000     0x6368
 *(.vectors)
 *(.boot_data)
 .boot_data     0x03800000       0x20 C:\Program Files (x86)\VEX Robotics\VEXcode Pro V5\sdk/vexv5\libv5rt.a(v5_startup.c.obj)
                0x03800000                vexCodeSig
                0x00000020                . = 0x20
 *(.boot)
 .boot          0x03800020       0xbc C:\Program Files (x86)\VEX Robotics\VEXcode Pro V5\sdk/vexv5\libv5rt.a(v5_startup.c.obj)
                0x03800020                vexStartup
                0x03800100                . = ALIGN (0x40)
 *fill*         0x038000dc       0x24 
 *(.freertos_vectors)
 *(.text)
 .text          0x03800100       0x3a C:\Program Files (x86)\VEX Robotics\VEXcode Pro V5\sdk/vexv5/gcc/libs\libc.a(lib_a-aeabi_memmove-soft.o)
                0x03800100                __aeabi_memmove4
                0x03800100                __aeabi_memmove
                0x03800100                __aeabi_memmove8
 *(.text.*)
 *fill*         0x0380013a        0x2 
 .text._ZN3vex11motor_groupC2IJNS_5motorES2_EEERS2_DpRT_
                0x0380013c       0x44 build/src/main.o
                0x0380013c                vex::motor_group::motor_group<vex::motor, vex::motor>(vex::motor&, vex::motor&, vex::motor&)
 .text._ZN5DriveD2Ev
                0x03800180       0x7c build/src/main.o
                0x03800180                Drive::~Drive()
 .text._Z9pre_autonv
                0x038001fc      0x12c build/src/main.o
                0x038001fc                pre_auton()
 .text._Z10autonomousv
                0x03800328       0x4c build/src/main.o
                0x03800328                autonomous()
 .text._Z11usercontrolv
                0x03800374      0x274 build/src/main.o
                0x03800374                usercontrol()
 .text.main     0x038005e8       0x68 build/src/main.o
                0x038005e8                main
 .text._GLOBAL__sub_I_main.cpp
                0x03800650      0x174 build/src/main.o
 .text._ZNSt6vectorI5PointSaIS0_EEC2ESt16initializer_listIS0_ERKS1_
                0x038007c4       0x58 build/src/autons.o
                0x038007c4                std::vector<Point, std::allocator<Point> >::vector(std::initializer_list<Point>, std::allocator<Point> const&)
 .text._ZNSt6vectorI5PointSaIS0_EED2Ev
                0x0380081c       0x24 build/src/autons.o
                0x0380081c                std::vector<Point, std::allocator<Point> >::~vector()
 .text._Z17default_constantsv
                0x03800840      0x180 build/src/autons.o
                0x03800840                default_constants()
 .text._Z10safe_autonv
                0x038009c0       0x14 build/src/autons.o
                0x038009c0                safe_auton()
 *fill*         0x038009d4        0x4 
 .text._Z8far_sidev
                0x038009d8      0x338 build/src/autons.o
                0x038009d8                far_side()
 .text._Z9near_sidev
                0x03800d10      0x180 build/src/autons.o
                0x03800d10                near_side()
 .text._Z15near_side_elimsv
                0x03800e90      0x210 build/src/autons.o
                0x03800e90                near_side_elims()
 .text._ZNSt12_Vector_baseI5PointSaIS0_EE11_M_allocateEj
                0x038010a0       0x30 build/src/autons.o
                0x038010a0                std::_Vector_base<Point, std::allocator<Point> >::_M_allocate(unsigned int)
 .text._GLOBAL__sub_I_autons.cpp
                0x038010d0      0xa88 build/src/autons.o
 .text._GLOBAL__sub_I_robot_config.cpp
                0x03801b58      0x2a8 build/src/robot-config.o
 .text._Z15reduce_0_to_360f
                0x03801e00       0x7c build/src/JAR-Template/util.o
                0x03801e00                reduce_0_to_360(float)
 .text._Z26reduce_negative_180_to_180f
                0x03801e7c       0x90 build/src/JAR-Template/util.o
                0x03801e7c                reduce_negative_180_to_180(float)
 .text._Z24reduce_negative_90_to_90f
                0x03801f0c       0x90 build/src/JAR-Template/util.o
                0x03801f0c                reduce_negative_90_to_90(float)
 *fill*         0x03801f9c        0x4 
 .text._Z6to_radf
                0x03801fa0       0x28 build/src/JAR-Template/util.o
                0x03801fa0                to_rad(float)
 .text._Z6to_degf
                0x03801fc8       0x28 build/src/JAR-Template/util.o
                0x03801fc8                to_deg(float)
 .text._Z5clampfff
                0x03801ff0       0x2c build/src/JAR-Template/util.o
                0x03801ff0                clamp(float, float, float)
 .text._Z11is_reversedd
                0x0380201c       0x18 build/src/JAR-Template/util.o
                0x0380201c                is_reversed(double)
 *fill*         0x03802034        0x4 
 .text._Z7to_voltf
                0x03802038       0x30 build/src/JAR-Template/util.o
                0x03802038                to_volt(float)
 .text._Z7to_porti
                0x03802068       0x14 build/src/JAR-Template/util.o
                0x03802068                to_port(int)
 .text._Z8deadbandff
                0x0380207c       0x28 build/src/JAR-Template/util.o
                0x0380207c                deadband(float, float)
 .text._ZN4Odom22set_physical_distancesEff
                0x038020a4       0x10 build/src/JAR-Template/odom.o
                0x038020a4                Odom::set_physical_distances(float, float)
 .text._ZN4Odom12set_positionE5Pointfff
                0x038020b4       0x34 build/src/JAR-Template/odom.o
                0x038020b4                Odom::set_position(Point, float, float, float)
 .text._ZN4Odom15update_positionEfff
                0x038020e8      0x1a8 build/src/JAR-Template/odom.o
                0x038020e8                Odom::update_position(float, float, float)
 .text._ZN5DriveC2E11drive_setupN3vex11motor_groupES2_ifffiiiiiffiff
                0x03802290      0x238 build/src/JAR-Template/drive.o
                0x03802290                Drive::Drive(drive_setup, vex::motor_group, vex::motor_group, int, float, float, float, int, int, int, int, int, float, float, int, float, float)
                0x03802290                Drive::Drive(drive_setup, vex::motor_group, vex::motor_group, int, float, float, float, int, int, int, int, int, float, float, int, float, float)
 .text._ZN5Drive18drive_with_voltageEff
                0x038024c8       0x6c build/src/JAR-Template/drive.o
                0x038024c8                Drive::drive_with_voltage(float, float)
 .text._ZN5Drive18set_turn_constantsEfffff
                0x03802534       0x1c build/src/JAR-Template/drive.o
                0x03802534                Drive::set_turn_constants(float, float, float, float, float)
 .text._ZN5Drive19set_drive_constantsEfffff
                0x03802550       0x1c build/src/JAR-Template/drive.o
                0x03802550                Drive::set_drive_constants(float, float, float, float, float)
 .text._ZN5Drive21set_heading_constantsEfffff
                0x0380256c       0x1c build/src/JAR-Template/drive.o
                0x0380256c                Drive::set_heading_constants(float, float, float, float, float)
 .text._ZN5Drive19set_swing_constantsEfffff
                0x03802588       0x1c build/src/JAR-Template/drive.o
                0x03802588                Drive::set_swing_constants(float, float, float, float, float)
 .text._ZN5Drive24set_turn_exit_conditionsEfff
                0x038025a4        0xc build/src/JAR-Template/drive.o
                0x038025a4                Drive::set_turn_exit_conditions(float, float, float)
 .text._ZN5Drive25set_drive_exit_conditionsEfff
                0x038025b0        0xc build/src/JAR-Template/drive.o
                0x038025b0                Drive::set_drive_exit_conditions(float, float, float)
 .text._ZN5Drive25set_swing_exit_conditionsEfff
                0x038025bc        0xc build/src/JAR-Template/drive.o
                0x038025bc                Drive::set_swing_exit_conditions(float, float, float)
 .text._ZN5Drive13turn_to_angleEf
                0x038025c8       0x50 build/src/JAR-Template/drive.o
                0x038025c8                Drive::turn_to_angle(float)
 .text._ZN5Drive13turn_to_angleEfffffffff
                0x03802618      0x178 build/src/JAR-Template/drive.o
                0x03802618                Drive::turn_to_angle(float, float, float, float, float, float, float, float, float)
 .text._ZN5Drive13turn_to_angleEff
                0x03802790       0x4c build/src/JAR-Template/drive.o
                0x03802790                Drive::turn_to_angle(float, float)
 .text._ZN5Drive14drive_distanceEf
                0x038027dc       0x80 build/src/JAR-Template/drive.o
                0x038027dc                Drive::drive_distance(float)
 *fill*         0x0380285c        0x4 
 .text._ZN5Drive14drive_distanceEfffffffffffffff
                0x03802860      0x2e0 build/src/JAR-Template/drive.o
                0x03802860                Drive::drive_distance(float, float, float, float, float, float, float, float, float, float, float, float, float, float, float)
 .text._ZN5Drive27get_ForwardTracker_positionEv
                0x03802b40       0xa8 build/src/JAR-Template/drive.o
                0x03802b40                Drive::get_ForwardTracker_position()
 .text._ZN5Drive28get_SidewaysTracker_positionEv
                0x03802be8       0x7c build/src/JAR-Template/drive.o
                0x03802be8                Drive::get_SidewaysTracker_position()
 *fill*         0x03802c64        0x4 
 .text._ZN5Drive14position_trackEv
                0x03802c68       0x88 build/src/JAR-Template/drive.o
                0x03802c68                Drive::position_track()
 .text._ZN5Drive15set_coordinatesEfff
                0x03802cf0       0xc8 build/src/JAR-Template/drive.o
                0x03802cf0                Drive::set_coordinates(float, float, float)
 .text._ZN5Drive19position_track_taskEv
                0x03802db8       0x14 build/src/JAR-Template/drive.o
                0x03802db8                Drive::position_track_task()
 .text._ZN5Drive14drive_to_pointEff
                0x03802dcc       0x7c build/src/JAR-Template/drive.o
                0x03802dcc                Drive::drive_to_point(float, float)
 .text._ZN5Drive14drive_to_pointEfffffffffffffff
                0x03802e48      0x36c build/src/JAR-Template/drive.o
                0x03802e48                Drive::drive_to_point(float, float, float, float, float, float, float, float, float, float, float, float, float, float, float)
 .text._ZN5Drive14drive_to_pointEffff
                0x038031b4       0x74 build/src/JAR-Template/drive.o
                0x038031b4                Drive::drive_to_point(float, float, float, float)
 .text._ZN5Drive13turn_to_pointEff
                0x03803228       0x5c build/src/JAR-Template/drive.o
                0x03803228                Drive::turn_to_point(float, float)
 *fill*         0x03803284        0x4 
 .text._ZN5Drive13turn_to_pointEfffffffffff
                0x03803288      0x238 build/src/JAR-Template/drive.o
                0x03803288                Drive::turn_to_point(float, float, float, float, float, float, float, float, float, float, float)
 .text._ZN5Drive14control_arcadeEv
                0x038034c0      0x114 build/src/JAR-Template/drive.o
                0x038034c0                Drive::control_arcade()
 .text._ZN3PIDC2Efffff
                0x038035d4       0x2c build/src/JAR-Template/PID.o
                0x038035d4                PID::PID(float, float, float, float, float)
                0x038035d4                PID::PID(float, float, float, float, float)
 .text._ZN3PIDC2Effffffff
                0x03803600       0x44 build/src/JAR-Template/PID.o
                0x03803600                PID::PID(float, float, float, float, float, float, float, float)
                0x03803600                PID::PID(float, float, float, float, float, float, float, float)
 .text._ZN3PID7computeEf
                0x03803644       0xd0 build/src/JAR-Template/PID.o
                0x03803644                PID::compute(float)
 .text._ZN3PID10is_settledEv
                0x03803714       0x44 build/src/JAR-Template/PID.o
                0x03803714                PID::is_settled()
 .text.vexMain  0x03803758       0xb0 C:\Program Files (x86)\VEX Robotics\VEXcode Pro V5\sdk/vexv5\libv5rt.a(v5_startup.c.obj)
                0x03803758                vexMain
 .text.__vex_function_prolog
                0x03803808       0x18 C:\Program Files (x86)\VEX Robotics\VEXcode Pro V5\sdk/vexv5\libv5rt.a(v5_startup.c.obj)
                0x03803808                __vex_function_prolog
 .text._init    0x03803820        0x4 C:\Program Files (x86)\VEX Robotics\VEXcode Pro V5\sdk/vexv5\libv5rt.a(v5_startup.c.obj)
                0x03803820                _init
 .text._fini    0x03803824        0x4 C:\Program Files (x86)\VEX Robotics\VEXcode Pro V5\sdk/vexv5\libv5rt.a(v5_startup.c.obj)
                0x03803824                _fini
 .text.vexStdlibVersionLinked
                0x03803828        0xc C:\Program Files (x86)\VEX Robotics\VEXcode Pro V5\sdk/vexv5\libv5rt.a(v5_util.c.obj)
                0x03803828                vexStdlibVersionLinked
 .text.vexStdlibVersionVerify
                0x03803834       0x30 C:\Program Files (x86)\VEX Robotics\VEXcode Pro V5\sdk/vexv5\libv5rt.a(v5_util.c.obj)
                0x03803834                vexStdlibVersionVerify
 .text.vexPrivateApiEnable
                0x03803864       0x10 C:\Program Files (x86)\VEX Robotics\VEXcode Pro V5\sdk/vexv5\libv5rt.a(v5_apijump.c.obj)
                0x03803864                vexPrivateApiEnable
 .text.vexStdlibMismatchError
                0x03803874       0x3c C:\Program Files (x86)\VEX Robotics\VEXcode Pro V5\sdk/vexv5\libv5rt.a(v5_apijump.c.obj)
                0x03803874                vexStdlibMismatchError
 .text.vexTaskAdd
                0x038038b0       0x10 C:\Program Files (x86)\VEX Robotics\VEXcode Pro V5\sdk/vexv5\libv5rt.a(v5_apijump.c.obj)
                0x038038b0                vexTaskAdd
 .text.vexTasksRun
                0x038038c0       0x10 C:\Program Files (x86)\VEX Robotics\VEXcode Pro V5\sdk/vexv5\libv5rt.a(v5_apijump.c.obj)
                0x038038c0                vexTasksRun
 .text.vexTaskYield
                0x038038d0       0x10 C:\Program Files (x86)\VEX Robotics\VEXcode Pro V5\sdk/vexv5\libv5rt.a(v5_apijump.c.obj)
                0x038038d0                vexTaskYield
 .text.vexTaskCheckTimeslice
                0x038038e0       0x10 C:\Program Files (x86)\VEX Robotics\VEXcode Pro V5\sdk/vexv5\libv5rt.a(v5_apijump.c.obj)
                0x038038e0                vexTaskCheckTimeslice
 .text.vexTaskGetIndex
                0x038038f0       0x10 C:\Program Files (x86)\VEX Robotics\VEXcode Pro V5\sdk/vexv5\libv5rt.a(v5_apijump.c.obj)
                0x038038f0                vexTaskGetIndex
 .text.vexTaskSleep
                0x03803900       0x10 C:\Program Files (x86)\VEX Robotics\VEXcode Pro V5\sdk/vexv5\libv5rt.a(v5_apijump.c.obj)
                0x03803900                vexTaskSleep
 .text.vexTasksDump
                0x03803910       0x1c C:\Program Files (x86)\VEX Robotics\VEXcode Pro V5\sdk/vexv5\libv5rt.a(v5_apijump.c.obj)
                0x03803910                vexTasksDump
 .text.vexTaskGetTaskIndex
                0x0380392c       0x10 C:\Program Files (x86)\VEX Robotics\VEXcode Pro V5\sdk/vexv5\libv5rt.a(v5_apijump.c.obj)
                0x0380392c                vexTaskGetTaskIndex
 .text.vexTaskStopAll
                0x0380393c       0x10 C:\Program Files (x86)\VEX Robotics\VEXcode Pro V5\sdk/vexv5\libv5rt.a(v5_apijump.c.obj)
                0x0380393c                vexTaskStopAll
 .text.vexTaskRemoveAllUser
                0x0380394c       0x34 C:\Program Files (x86)\VEX Robotics\VEXcode Pro V5\sdk/vexv5\libv5rt.a(v5_apijump.c.obj)
                0x0380394c                vexTaskRemoveAllUser
 .text.vexTaskCompletionIdSet
                0x03803980       0x10 C:\Program Files (x86)\VEX Robotics\VEXcode Pro V5\sdk/vexv5\libv5rt.a(v5_apijump.c.obj)
                0x03803980                vexTaskCompletionIdSet
 .text.vexTaskStopWithId
                0x03803990       0x10 C:\Program Files (x86)\VEX Robotics\VEXcode Pro V5\sdk/vexv5\libv5rt.a(v5_apijump.c.obj)
                0x03803990                vexTaskStopWithId
 .text.vexTaskGetCallbackAndId
                0x038039a0       0x54 C:\Program Files (x86)\VEX Robotics\VEXcode Pro V5\sdk/vexv5\libv5rt.a(v5_apijump.c.obj)
                0x038039a0                vexTaskGetCallbackAndId
 .text.vexCriticalSection
                0x038039f4       0x2c C:\Program Files (x86)\VEX Robotics\VEXcode Pro V5\sdk/vexv5\libv5rt.a(v5_apijump.c.obj)
                0x038039f4                vexCriticalSection
 .text.vexEventAdd
                0x03803a20       0x34 C:\Program Files (x86)\VEX Robotics\VEXcode Pro V5\sdk/vexv5\libv5rt.a(v5_apijump.c.obj)
                0x03803a20                vexEventAdd
 .text.vexEventUserIndexGet
                0x03803a54       0x1c C:\Program Files (x86)\VEX Robotics\VEXcode Pro V5\sdk/vexv5\libv5rt.a(v5_apijump.c.obj)
                0x03803a54                vexEventUserIndexGet
 .text.vexEventAddWithArg
                0x03803a70       0x3c C:\Program Files (x86)\VEX Robotics\VEXcode Pro V5\sdk/vexv5\libv5rt.a(v5_apijump.c.obj)
                0x03803a70                vexEventAddWithArg
 .text.vexEventsCleanup
                0x03803aac       0x2c C:\Program Files (x86)\VEX Robotics\VEXcode Pro V5\sdk/vexv5\libv5rt.a(v5_apijump.c.obj)
                0x03803aac                vexEventsCleanup
 .text.vexDebug
                0x03803ad8       0x38 C:\Program Files (x86)\VEX Robotics\VEXcode Pro V5\sdk/vexv5\libv5rt.a(v5_apijump.c.obj)
                0x03803ad8                vexDebug
 .text.vex_sprintf
                0x03803b10       0x40 C:\Program Files (x86)\VEX Robotics\VEXcode Pro V5\sdk/vexv5\libv5rt.a(v5_apijump.c.obj)
                0x03803b10                vex_sprintf
 .text.vexSystemTimeGet
                0x03803b50       0x1c C:\Program Files (x86)\VEX Robotics\VEXcode Pro V5\sdk/vexv5\libv5rt.a(v5_apijump.c.obj)
                0x03803b50                vexSystemTimeGet
 .text.vexSystemExitRequest
                0x03803b6c       0x1c C:\Program Files (x86)\VEX Robotics\VEXcode Pro V5\sdk/vexv5\libv5rt.a(v5_apijump.c.obj)
                0x03803b6c                vexSystemExitRequest
 .text.vexDeviceGetByIndex
                0x03803b88       0x24 C:\Program Files (x86)\VEX Robotics\VEXcode Pro V5\sdk/vexv5\libv5rt.a(v5_apijump.c.obj)
                0x03803b88                vexDeviceGetByIndex
 .text.vexControllerGet
                0x03803bac       0x2c C:\Program Files (x86)\VEX Robotics\VEXcode Pro V5\sdk/vexv5\libv5rt.a(v5_apijump.c.obj)
                0x03803bac                vexControllerGet
 .text.vexDeviceAdiPortConfigSet
                0x03803bd8       0x34 C:\Program Files (x86)\VEX Robotics\VEXcode Pro V5\sdk/vexv5\libv5rt.a(v5_apijump.c.obj)
                0x03803bd8                vexDeviceAdiPortConfigSet
 .text.vexDeviceAdiPortConfigGet
                0x03803c0c       0x2c C:\Program Files (x86)\VEX Robotics\VEXcode Pro V5\sdk/vexv5\libv5rt.a(v5_apijump.c.obj)
                0x03803c0c                vexDeviceAdiPortConfigGet
 .text.vexDeviceAdiValueSet
                0x03803c38       0x34 C:\Program Files (x86)\VEX Robotics\VEXcode Pro V5\sdk/vexv5\libv5rt.a(v5_apijump.c.obj)
                0x03803c38                vexDeviceAdiValueSet
 .text.vexDeviceAdiValueGet
                0x03803c6c       0x2c C:\Program Files (x86)\VEX Robotics\VEXcode Pro V5\sdk/vexv5\libv5rt.a(v5_apijump.c.obj)
                0x03803c6c                vexDeviceAdiValueGet
 .text.vexDeviceMotorVelocitySet
                0x03803c98       0x2c C:\Program Files (x86)\VEX Robotics\VEXcode Pro V5\sdk/vexv5\libv5rt.a(v5_apijump.c.obj)
                0x03803c98                vexDeviceMotorVelocitySet
 .text.vexDeviceMotorVoltageSet
                0x03803cc4       0x2c C:\Program Files (x86)\VEX Robotics\VEXcode Pro V5\sdk/vexv5\libv5rt.a(v5_apijump.c.obj)
                0x03803cc4                vexDeviceMotorVoltageSet
 .text.vexDeviceMotorActualVelocityGet
                0x03803cf0       0x24 C:\Program Files (x86)\VEX Robotics\VEXcode Pro V5\sdk/vexv5\libv5rt.a(v5_apijump.c.obj)
                0x03803cf0                vexDeviceMotorActualVelocityGet
 .text.vexDeviceMotorReverseFlagSet
                0x03803d14       0x2c C:\Program Files (x86)\VEX Robotics\VEXcode Pro V5\sdk/vexv5\libv5rt.a(v5_apijump.c.obj)
                0x03803d14                vexDeviceMotorReverseFlagSet
 .text.vexDeviceMotorEncoderUnitsSet
                0x03803d40       0x2c C:\Program Files (x86)\VEX Robotics\VEXcode Pro V5\sdk/vexv5\libv5rt.a(v5_apijump.c.obj)
                0x03803d40                vexDeviceMotorEncoderUnitsSet
 .text.vexDeviceMotorBrakeModeSet
                0x03803d6c       0x2c C:\Program Files (x86)\VEX Robotics\VEXcode Pro V5\sdk/vexv5\libv5rt.a(v5_apijump.c.obj)
                0x03803d6c                vexDeviceMotorBrakeModeSet
 .text.vexDeviceMotorPositionSet
                0x03803d98       0x34 C:\Program Files (x86)\VEX Robotics\VEXcode Pro V5\sdk/vexv5\libv5rt.a(v5_apijump.c.obj)
                0x03803d98                vexDeviceMotorPositionSet
 .text.vexDeviceMotorPositionGet
                0x03803dcc       0x24 C:\Program Files (x86)\VEX Robotics\VEXcode Pro V5\sdk/vexv5\libv5rt.a(v5_apijump.c.obj)
                0x03803dcc                vexDeviceMotorPositionGet
 .text.vexDeviceMotorGearingSet
                0x03803df0       0x2c C:\Program Files (x86)\VEX Robotics\VEXcode Pro V5\sdk/vexv5\libv5rt.a(v5_apijump.c.obj)
                0x03803df0                vexDeviceMotorGearingSet
 .text.vexDeviceMotorGearingGet
                0x03803e1c       0x24 C:\Program Files (x86)\VEX Robotics\VEXcode Pro V5\sdk/vexv5\libv5rt.a(v5_apijump.c.obj)
                0x03803e1c                vexDeviceMotorGearingGet
 .text.vexDeviceImuReset
                0x03803e40       0x24 C:\Program Files (x86)\VEX Robotics\VEXcode Pro V5\sdk/vexv5\libv5rt.a(v5_apijump.c.obj)
                0x03803e40                vexDeviceImuReset
 .text.vexDeviceImuHeadingGet
                0x03803e64       0x24 C:\Program Files (x86)\VEX Robotics\VEXcode Pro V5\sdk/vexv5\libv5rt.a(v5_apijump.c.obj)
                0x03803e64                vexDeviceImuHeadingGet
 .text.vexDeviceImuDegreesGet
                0x03803e88       0x24 C:\Program Files (x86)\VEX Robotics\VEXcode Pro V5\sdk/vexv5\libv5rt.a(v5_apijump.c.obj)
                0x03803e88                vexDeviceImuDegreesGet
 .text.vexDeviceImuStatusGet
                0x03803eac       0x24 C:\Program Files (x86)\VEX Robotics\VEXcode Pro V5\sdk/vexv5\libv5rt.a(v5_apijump.c.obj)
                0x03803eac                vexDeviceImuStatusGet
 .text.vexDeviceAbsEncPositionGet
                0x03803ed0       0x24 C:\Program Files (x86)\VEX Robotics\VEXcode Pro V5\sdk/vexv5\libv5rt.a(v5_apijump.c.obj)
                0x03803ed0                vexDeviceAbsEncPositionGet
 .text.vexDeviceAbsEncAngleGet
                0x03803ef4       0x24 C:\Program Files (x86)\VEX Robotics\VEXcode Pro V5\sdk/vexv5\libv5rt.a(v5_apijump.c.obj)
                0x03803ef4                vexDeviceAbsEncAngleGet
 .text.vexDeviceAbsEncReverseFlagSet
                0x03803f18       0x2c C:\Program Files (x86)\VEX Robotics\VEXcode Pro V5\sdk/vexv5\libv5rt.a(v5_apijump.c.obj)
                0x03803f18                vexDeviceAbsEncReverseFlagSet
 .text.vexDisplayForegroundColor
                0x03803f44       0x24 C:\Program Files (x86)\VEX Robotics\VEXcode Pro V5\sdk/vexv5\libv5rt.a(v5_apijump.c.obj)
                0x03803f44                vexDisplayForegroundColor
 .text.vexDisplayBackgroundColor
                0x03803f68       0x24 C:\Program Files (x86)\VEX Robotics\VEXcode Pro V5\sdk/vexv5\libv5rt.a(v5_apijump.c.obj)
                0x03803f68                vexDisplayBackgroundColor
 .text.vexDisplayBackgroundColorGet
                0x03803f8c       0x1c C:\Program Files (x86)\VEX Robotics\VEXcode Pro V5\sdk/vexv5\libv5rt.a(v5_apijump.c.obj)
                0x03803f8c                vexDisplayBackgroundColorGet
 .text.vexDisplayRectClear
                0x03803fa8       0x4c C:\Program Files (x86)\VEX Robotics\VEXcode Pro V5\sdk/vexv5\libv5rt.a(v5_apijump.c.obj)
                0x03803fa8                vexDisplayRectClear
 .text.vexDisplayVPrintf
                0x03803ff4       0x50 C:\Program Files (x86)\VEX Robotics\VEXcode Pro V5\sdk/vexv5\libv5rt.a(v5_apijump.c.obj)
                0x03803ff4                vexDisplayVPrintf
 .text.vexDisplayTextReference
                0x03804044       0x24 C:\Program Files (x86)\VEX Robotics\VEXcode Pro V5\sdk/vexv5\libv5rt.a(v5_apijump.c.obj)
                0x03804044                vexDisplayTextReference
 .text.vexDisplayTextSize
                0x03804068       0x2c C:\Program Files (x86)\VEX Robotics\VEXcode Pro V5\sdk/vexv5\libv5rt.a(v5_apijump.c.obj)
                0x03804068                vexDisplayTextSize
 .text.vexDisplayFontNamedSet
                0x03804094       0x24 C:\Program Files (x86)\VEX Robotics\VEXcode Pro V5\sdk/vexv5\libv5rt.a(v5_apijump.c.obj)
                0x03804094                vexDisplayFontNamedSet
 .text.vexSystemStdlibImpureDataAddr
                0x038040b8       0x28 C:\Program Files (x86)\VEX Robotics\VEXcode Pro V5\sdk/vexv5\libv5rt.a(v5_apijump.c.obj)
                0x038040b8                vexSystemStdlibImpureDataAddr
 .text.vexSystemStdlibImpureDataSize
                0x038040e0       0x28 C:\Program Files (x86)\VEX Robotics\VEXcode Pro V5\sdk/vexv5\libv5rt.a(v5_apijump.c.obj)
                0x038040e0                vexSystemStdlibImpureDataSize
 .text.vexSystemSaveUserData
                0x03804108       0x3c C:\Program Files (x86)\VEX Robotics\VEXcode Pro V5\sdk/vexv5\libv5rt.a(v5_apijump.c.obj)
                0x03804108                vexSystemSaveUserData
 .text.vexTouchDataGet
                0x03804144       0x10 C:\Program Files (x86)\VEX Robotics\VEXcode Pro V5\sdk/vexv5\libv5rt.a(v5_apijump.c.obj)
                0x03804144                vexTouchDataGet
 .text.vexDisplayThemeIdGet
                0x03804154       0x38 C:\Program Files (x86)\VEX Robotics\VEXcode Pro V5\sdk/vexv5\libv5rt.a(v5_apijump.c.obj)
                0x03804154                vexDisplayThemeIdGet
 .text.vexDeviceEventMaskSet
                0x0380418c       0x48 C:\Program Files (x86)\VEX Robotics\VEXcode Pro V5\sdk/vexv5\libv5rt.a(v5_apijump.c.obj)
                0x0380418c                vexDeviceEventMaskSet
 .text.vexDeviceEventMaskGet
                0x038041d4       0x3c C:\Program Files (x86)\VEX Robotics\VEXcode Pro V5\sdk/vexv5\libv5rt.a(v5_apijump.c.obj)
                0x038041d4                vexDeviceEventMaskGet
 .text.vexSystemVersion
                0x03804210       0x10 C:\Program Files (x86)\VEX Robotics\VEXcode Pro V5\sdk/vexv5\libv5rt.a(v5_apiversions.c.obj)
                0x03804210                vexSystemVersion
 .text.vexStdlibVersion
                0x03804220       0x10 C:\Program Files (x86)\VEX Robotics\VEXcode Pro V5\sdk/vexv5\libv5rt.a(v5_apiversions.c.obj)
                0x03804220                vexStdlibVersion
 .text._ZN3vex4waitEdNS_9timeUnitsE
                0x03804230       0x30 C:\Program Files (x86)\VEX Robotics\VEXcode Pro V5\sdk/vexv5\libv5rt.a(vex_global.cpp.obj)
                0x03804230                vex::wait(double, vex::timeUnits)
 .text._ZN3vex5motorD2Ev
                0x03804260       0x20 C:\Program Files (x86)\VEX Robotics\VEXcode Pro V5\sdk/vexv5\libv5rt.a(vex_motor.cpp.obj)
                0x03804260                vex::motor::~motor()
                0x03804260                vex::motor::~motor()
 .text._ZN3vex5motorD0Ev
                0x03804280       0x1c C:\Program Files (x86)\VEX Robotics\VEXcode Pro V5\sdk/vexv5\libv5rt.a(vex_motor.cpp.obj)
                0x03804280                vex::motor::~motor()
 .text._ZN3vex5motor9installedEv
                0x0380429c       0x18 C:\Program Files (x86)\VEX Robotics\VEXcode Pro V5\sdk/vexv5\libv5rt.a(vex_motor.cpp.obj)
                0x0380429c                vex::motor::installed()
 .text._ZN3vex5motor15defaultStoppingENS_9brakeTypeE
                0x038042b4       0x30 C:\Program Files (x86)\VEX Robotics\VEXcode Pro V5\sdk/vexv5\libv5rt.a(vex_motor.cpp.obj)
                0x038042b4                vex::motor::defaultStopping(vex::brakeType)
 .text._ZN3vex5motor8setBrakeENS_9brakeTypeE
                0x038042e4        0x4 C:\Program Files (x86)\VEX Robotics\VEXcode Pro V5\sdk/vexv5\libv5rt.a(vex_motor.cpp.obj)
                0x038042e4                vex::motor::setBrake(vex::brakeType)
 .text._ZN3vex5motorC2El
                0x038042e8       0x78 C:\Program Files (x86)\VEX Robotics\VEXcode Pro V5\sdk/vexv5\libv5rt.a(vex_motor.cpp.obj)
                0x038042e8                vex::motor::motor(long)
                0x038042e8                vex::motor::motor(long)
 .text._ZN3vex5motorC2ElNS_11gearSettingEb
                0x03804360       0x34 C:\Program Files (x86)\VEX Robotics\VEXcode Pro V5\sdk/vexv5\libv5rt.a(vex_motor.cpp.obj)
                0x03804360                vex::motor::motor(long, vex::gearSetting, bool)
                0x03804360                vex::motor::motor(long, vex::gearSetting, bool)
 .text._ZN3vex5motorC2Elb
                0x03804394       0x24 C:\Program Files (x86)\VEX Robotics\VEXcode Pro V5\sdk/vexv5\libv5rt.a(vex_motor.cpp.obj)
                0x03804394                vex::motor::motor(long, bool)
                0x03804394                vex::motor::motor(long, bool)
 .text._ZN3vex5motor4spinENS_13directionTypeEdNS_12voltageUnitsE
                0x038043b8       0x50 C:\Program Files (x86)\VEX Robotics\VEXcode Pro V5\sdk/vexv5\libv5rt.a(vex_motor.cpp.obj)
                0x038043b8                vex::motor::spin(vex::directionType, double, vex::voltageUnits)
 .text._ZN3vex5motor4stopENS_9brakeTypeE
                0x03804408       0x30 C:\Program Files (x86)\VEX Robotics\VEXcode Pro V5\sdk/vexv5\libv5rt.a(vex_motor.cpp.obj)
                0x03804408                vex::motor::stop(vex::brakeType)
 .text._ZN3vex5motor4stopEv
                0x03804438        0x8 C:\Program Files (x86)\VEX Robotics\VEXcode Pro V5\sdk/vexv5\libv5rt.a(vex_motor.cpp.obj)
                0x03804438                vex::motor::stop()
 .text._ZN3vex5motor16velocityToScaledEdNS_13velocityUnitsE
                0x03804440       0x5c C:\Program Files (x86)\VEX Robotics\VEXcode Pro V5\sdk/vexv5\libv5rt.a(vex_motor.cpp.obj)
                0x03804440                vex::motor::velocityToScaled(double, vex::velocityUnits)
 .text._ZN3vex5motor8velocityENS_13velocityUnitsE
                0x0380449c       0x30 C:\Program Files (x86)\VEX Robotics\VEXcode Pro V5\sdk/vexv5\libv5rt.a(vex_motor.cpp.obj)
                0x0380449c                vex::motor::velocity(vex::velocityUnits)
 .text._ZN3vex5motor5valueEv
                0x038044cc       0x1c C:\Program Files (x86)\VEX Robotics\VEXcode Pro V5\sdk/vexv5\libv5rt.a(vex_motor.cpp.obj)
                0x038044cc                vex::motor::value()
 .text._ZN3vex5motor16scaledToVelocityEdNS_13velocityUnitsE
                0x038044e8       0xa4 C:\Program Files (x86)\VEX Robotics\VEXcode Pro V5\sdk/vexv5\libv5rt.a(vex_motor.cpp.obj)
                0x038044e8                vex::motor::scaledToVelocity(double, vex::velocityUnits)
 .text._ZN3vex5motor4spinENS_13directionTypeEdNS_13velocityUnitsE
                0x0380458c       0x5c C:\Program Files (x86)\VEX Robotics\VEXcode Pro V5\sdk/vexv5\libv5rt.a(vex_motor.cpp.obj)
                0x0380458c                vex::motor::spin(vex::directionType, double, vex::velocityUnits)
 .text._ZN3vex5motor4spinENS_13directionTypeE
                0x038045e8       0x28 C:\Program Files (x86)\VEX Robotics\VEXcode Pro V5\sdk/vexv5\libv5rt.a(vex_motor.cpp.obj)
                0x038045e8                vex::motor::spin(vex::directionType)
 .text._ZN3vex5motor16setRotationUnitsENS_13rotationUnitsE
                0x03804610       0x1c C:\Program Files (x86)\VEX Robotics\VEXcode Pro V5\sdk/vexv5\libv5rt.a(vex_motor.cpp.obj)
                0x03804610                vex::motor::setRotationUnits(vex::rotationUnits)
 .text._ZN3vex5motor8positionENS_13rotationUnitsE
                0x0380462c       0x44 C:\Program Files (x86)\VEX Robotics\VEXcode Pro V5\sdk/vexv5\libv5rt.a(vex_motor.cpp.obj)
                0x0380462c                vex::motor::position(vex::rotationUnits)
 .text._ZN3vex8inertial11getTurnTypeEv
                0x03804670        0x8 C:\Program Files (x86)\VEX Robotics\VEXcode Pro V5\sdk/vexv5\libv5rt.a(vex_imu.cpp.obj)
                0x03804670                vex::inertial::getTurnType()
 .text._ZThn16_N3vex8inertial11getTurnTypeEv
                0x03804678        0x8 C:\Program Files (x86)\VEX Robotics\VEXcode Pro V5\sdk/vexv5\libv5rt.a(vex_imu.cpp.obj)
                0x03804678                non-virtual thunk to vex::inertial::getTurnType()
 .text._ZN3vex8inertial10setHeadingEdNS_13rotationUnitsE
                0x03804680       0x58 C:\Program Files (x86)\VEX Robotics\VEXcode Pro V5\sdk/vexv5\libv5rt.a(vex_imu.cpp.obj)
                0x03804680                vex::inertial::setHeading(double, vex::rotationUnits)
 .text._ZThn16_N3vex8inertial10setHeadingEdNS_13rotationUnitsE
                0x038046d8        0x8 C:\Program Files (x86)\VEX Robotics\VEXcode Pro V5\sdk/vexv5\libv5rt.a(vex_imu.cpp.obj)
                0x038046d8                non-virtual thunk to vex::inertial::setHeading(double, vex::rotationUnits)
 .text._ZN3vex8inertial11setRotationEdNS_13rotationUnitsE
                0x038046e0       0x58 C:\Program Files (x86)\VEX Robotics\VEXcode Pro V5\sdk/vexv5\libv5rt.a(vex_imu.cpp.obj)
                0x038046e0                vex::inertial::setRotation(double, vex::rotationUnits)
 .text._ZThn16_N3vex8inertial11setRotationEdNS_13rotationUnitsE
                0x03804738        0x8 C:\Program Files (x86)\VEX Robotics\VEXcode Pro V5\sdk/vexv5\libv5rt.a(vex_imu.cpp.obj)
                0x03804738                non-virtual thunk to vex::inertial::setRotation(double, vex::rotationUnits)
 .text._ZN3vex8inertialD2Ev
                0x03804740       0x20 C:\Program Files (x86)\VEX Robotics\VEXcode Pro V5\sdk/vexv5\libv5rt.a(vex_imu.cpp.obj)
                0x03804740                vex::inertial::~inertial()
                0x03804740                vex::inertial::~inertial()
 .text._ZThn16_N3vex8inertialD1Ev
                0x03804760        0x8 C:\Program Files (x86)\VEX Robotics\VEXcode Pro V5\sdk/vexv5\libv5rt.a(vex_imu.cpp.obj)
                0x03804760                non-virtual thunk to vex::inertial::~inertial()
 .text._ZN3vex8inertialD0Ev
                0x03804768       0x1c C:\Program Files (x86)\VEX Robotics\VEXcode Pro V5\sdk/vexv5\libv5rt.a(vex_imu.cpp.obj)
                0x03804768                vex::inertial::~inertial()
 .text._ZThn16_N3vex8inertialD0Ev
                0x03804784        0x8 C:\Program Files (x86)\VEX Robotics\VEXcode Pro V5\sdk/vexv5\libv5rt.a(vex_imu.cpp.obj)
                0x03804784                non-virtual thunk to vex::inertial::~inertial()
 .text._ZN3vex8inertial9installedEv
                0x0380478c       0x18 C:\Program Files (x86)\VEX Robotics\VEXcode Pro V5\sdk/vexv5\libv5rt.a(vex_imu.cpp.obj)
                0x0380478c                vex::inertial::installed()
 .text._ZN3vex8inertial5angleENS_13rotationUnitsE
                0x038047a4       0x6c C:\Program Files (x86)\VEX Robotics\VEXcode Pro V5\sdk/vexv5\libv5rt.a(vex_imu.cpp.obj)
                0x038047a4                vex::inertial::angle(vex::rotationUnits)
 .text._ZThn16_N3vex8inertial5angleENS_13rotationUnitsE
                0x03804810        0x8 C:\Program Files (x86)\VEX Robotics\VEXcode Pro V5\sdk/vexv5\libv5rt.a(vex_imu.cpp.obj)
                0x03804810                non-virtual thunk to vex::inertial::angle(vex::rotationUnits)
 .text._ZN3vex8inertial7headingENS_13rotationUnitsE
                0x03804818        0x4 C:\Program Files (x86)\VEX Robotics\VEXcode Pro V5\sdk/vexv5\libv5rt.a(vex_imu.cpp.obj)
                0x03804818                vex::inertial::heading(vex::rotationUnits)
 .text._ZThn16_N3vex8inertial7headingENS_13rotationUnitsE
                0x0380481c        0x8 C:\Program Files (x86)\VEX Robotics\VEXcode Pro V5\sdk/vexv5\libv5rt.a(vex_imu.cpp.obj)
                0x0380481c                non-virtual thunk to vex::inertial::heading(vex::rotationUnits)
 .text._ZN3vex8inertial5valueEv
                0x03804824       0x1c C:\Program Files (x86)\VEX Robotics\VEXcode Pro V5\sdk/vexv5\libv5rt.a(vex_imu.cpp.obj)
                0x03804824                vex::inertial::value()
 .text._ZN3vex8inertial8rotationENS_13rotationUnitsE
                0x03804840       0x48 C:\Program Files (x86)\VEX Robotics\VEXcode Pro V5\sdk/vexv5\libv5rt.a(vex_imu.cpp.obj)
                0x03804840                vex::inertial::rotation(vex::rotationUnits)
 .text._ZThn16_N3vex8inertial8rotationENS_13rotationUnitsE
                0x03804888        0x8 C:\Program Files (x86)\VEX Robotics\VEXcode Pro V5\sdk/vexv5\libv5rt.a(vex_imu.cpp.obj)
                0x03804888                non-virtual thunk to vex::inertial::rotation(vex::rotationUnits)
 .text._ZN3vex8inertial13isCalibratingEv
                0x03804890       0x38 C:\Program Files (x86)\VEX Robotics\VEXcode Pro V5\sdk/vexv5\libv5rt.a(vex_imu.cpp.obj)
                0x03804890                vex::inertial::isCalibrating()
 .text._ZThn16_N3vex8inertial13isCalibratingEv
                0x038048c8        0x8 C:\Program Files (x86)\VEX Robotics\VEXcode Pro V5\sdk/vexv5\libv5rt.a(vex_imu.cpp.obj)
                0x038048c8                non-virtual thunk to vex::inertial::isCalibrating()
 .text._ZN3vex8inertialC2ElNS_8turnTypeE
                0x038048d0       0x4c C:\Program Files (x86)\VEX Robotics\VEXcode Pro V5\sdk/vexv5\libv5rt.a(vex_imu.cpp.obj)
                0x038048d0                vex::inertial::inertial(long, vex::turnType)
                0x038048d0                vex::inertial::inertial(long, vex::turnType)
 .text._ZN3vex8inertial16startCalibrationEl
                0x0380491c       0x20 C:\Program Files (x86)\VEX Robotics\VEXcode Pro V5\sdk/vexv5\libv5rt.a(vex_imu.cpp.obj)
                0x0380491c                vex::inertial::startCalibration(long)
 .text._ZN3vex8inertial9calibrateEl
                0x0380493c        0xc C:\Program Files (x86)\VEX Robotics\VEXcode Pro V5\sdk/vexv5\libv5rt.a(vex_imu.cpp.obj)
                0x0380493c                vex::inertial::calibrate(long)
                0x03804940                non-virtual thunk to vex::inertial::calibrate(long)
 .text._ZN3vex8rotationD2Ev
                0x03804948       0x20 C:\Program Files (x86)\VEX Robotics\VEXcode Pro V5\sdk/vexv5\libv5rt.a(vex_rotation.cpp.obj)
                0x03804948                vex::rotation::~rotation()
                0x03804948                vex::rotation::~rotation()
 .text._ZN3vex8rotationD0Ev
                0x03804968       0x1c C:\Program Files (x86)\VEX Robotics\VEXcode Pro V5\sdk/vexv5\libv5rt.a(vex_rotation.cpp.obj)
                0x03804968                vex::rotation::~rotation()
 .text._ZN3vex8rotation9installedEv
                0x03804984       0x18 C:\Program Files (x86)\VEX Robotics\VEXcode Pro V5\sdk/vexv5\libv5rt.a(vex_rotation.cpp.obj)
                0x03804984                vex::rotation::installed()
 .text._ZN3vex8rotation5valueEv
                0x0380499c        0x8 C:\Program Files (x86)\VEX Robotics\VEXcode Pro V5\sdk/vexv5\libv5rt.a(vex_rotation.cpp.obj)
                0x0380499c                vex::rotation::value()
 .text._ZN3vex8rotationC2Elb
                0x038049a4       0x30 C:\Program Files (x86)\VEX Robotics\VEXcode Pro V5\sdk/vexv5\libv5rt.a(vex_rotation.cpp.obj)
                0x038049a4                vex::rotation::rotation(long, bool)
                0x038049a4                vex::rotation::rotation(long, bool)
 *fill*         0x038049d4        0x4 
 .text._ZN3vex8rotation8positionENS_13rotationUnitsE
                0x038049d8       0x50 C:\Program Files (x86)\VEX Robotics\VEXcode Pro V5\sdk/vexv5\libv5rt.a(vex_rotation.cpp.obj)
                0x038049d8                vex::rotation::position(vex::rotationUnits)
 .text._ZN3vex10controllerD2Ev
                0x03804a28        0x4 C:\Program Files (x86)\VEX Robotics\VEXcode Pro V5\sdk/vexv5\libv5rt.a(vex_controller.cpp.obj)
                0x03804a28                vex::controller::~controller()
                0x03804a28                vex::controller::~controller()
 .text._ZN3vex10controller5valueE19_V5_ControllerIndex
                0x03804a2c        0x8 C:\Program Files (x86)\VEX Robotics\VEXcode Pro V5\sdk/vexv5\libv5rt.a(vex_controller.cpp.obj)
                0x03804a2c                vex::controller::value(_V5_ControllerIndex)
 .text._ZNK3vex10controller6button8pressingEv
                0x03804a34       0xc8 C:\Program Files (x86)\VEX Robotics\VEXcode Pro V5\sdk/vexv5\libv5rt.a(vex_controller.cpp.obj)
                0x03804a34                vex::controller::button::pressing() const
 .text._ZNK3vex10controller6button21_buttonToPressedEventEv
                0x03804afc       0x20 C:\Program Files (x86)\VEX Robotics\VEXcode Pro V5\sdk/vexv5\libv5rt.a(vex_controller.cpp.obj)
                0x03804afc                vex::controller::button::_buttonToPressedEvent() const
 .text._ZNK3vex10controller6button22_buttonToReleasedEventEv
                0x03804b1c       0x20 C:\Program Files (x86)\VEX Robotics\VEXcode Pro V5\sdk/vexv5\libv5rt.a(vex_controller.cpp.obj)
                0x03804b1c                vex::controller::button::_buttonToReleasedEvent() const
 .text._ZN3vex10controller6buttonC2ENS0_11tButtonTypeEPS0_
                0x03804b3c       0x48 C:\Program Files (x86)\VEX Robotics\VEXcode Pro V5\sdk/vexv5\libv5rt.a(vex_controller.cpp.obj)
                0x03804b3c                vex::controller::button::button(vex::controller::tButtonType, vex::controller*)
                0x03804b3c                vex::controller::button::button(vex::controller::tButtonType, vex::controller*)
 .text._ZNK3vex10controller4axis5valueEv
                0x03804b84       0x58 C:\Program Files (x86)\VEX Robotics\VEXcode Pro V5\sdk/vexv5\libv5rt.a(vex_controller.cpp.obj)
                0x03804b84                vex::controller::axis::value() const
 .text._ZNK3vex10controller4axis23_joystickToChangedEventEv
                0x03804bdc       0x20 C:\Program Files (x86)\VEX Robotics\VEXcode Pro V5\sdk/vexv5\libv5rt.a(vex_controller.cpp.obj)
                0x03804bdc                vex::controller::axis::_joystickToChangedEvent() const
 .text._ZN3vex10controller4axisC2ENS0_9tAxisTypeEPS0_
                0x03804bfc       0x2c C:\Program Files (x86)\VEX Robotics\VEXcode Pro V5\sdk/vexv5\libv5rt.a(vex_controller.cpp.obj)
                0x03804bfc                vex::controller::axis::axis(vex::controller::tAxisType, vex::controller*)
                0x03804bfc                vex::controller::axis::axis(vex::controller::tAxisType, vex::controller*)
 .text._ZN3vex10controllerC2ENS_14controllerTypeE
                0x03804c28      0x16c C:\Program Files (x86)\VEX Robotics\VEXcode Pro V5\sdk/vexv5\libv5rt.a(vex_controller.cpp.obj)
                0x03804c28                vex::controller::controller(vex::controllerType)
                0x03804c28                vex::controller::controller(vex::controllerType)
 .text._ZN3vex4taskC2Ev
                0x03804d94       0x28 C:\Program Files (x86)\VEX Robotics\VEXcode Pro V5\sdk/vexv5\libv5rt.a(vex_task.cpp.obj)
                0x03804d94                vex::task::task()
                0x03804d94                vex::task::task()
 .text._ZN3vex4taskC2EPFivE
                0x03804dbc       0x5c C:\Program Files (x86)\VEX Robotics\VEXcode Pro V5\sdk/vexv5\libv5rt.a(vex_task.cpp.obj)
                0x03804dbc                vex::task::task(int (*)())
                0x03804dbc                vex::task::task(int (*)())
 .text._ZN3vex4taskD2Ev
                0x03804e18        0x4 C:\Program Files (x86)\VEX Robotics\VEXcode Pro V5\sdk/vexv5\libv5rt.a(vex_task.cpp.obj)
                0x03804e18                vex::task::~task()
                0x03804e18                vex::task::~task()
 .text._ZN3vex4task4stopEPvi
                0x03804e1c       0x1c C:\Program Files (x86)\VEX Robotics\VEXcode Pro V5\sdk/vexv5\libv5rt.a(vex_task.cpp.obj)
                0x03804e1c                vex::task::stop(void*, int)
 .text._ZN3vex4task5sleepEm
                0x03804e38        0x4 C:\Program Files (x86)\VEX Robotics\VEXcode Pro V5\sdk/vexv5\libv5rt.a(vex_task.cpp.obj)
                0x03804e38                vex::task::sleep(unsigned long)
 .text._ZN3vex4task6_indexEPFivE
                0x03804e3c       0x14 C:\Program Files (x86)\VEX Robotics\VEXcode Pro V5\sdk/vexv5\libv5rt.a(vex_task.cpp.obj)
                0x03804e3c                vex::task::_index(int (*)())
 .text._ZN3vex4task8_stopAllEv
                0x03804e50       0x3c C:\Program Files (x86)\VEX Robotics\VEXcode Pro V5\sdk/vexv5\libv5rt.a(vex_task.cpp.obj)
                0x03804e50                vex::task::_stopAll()
 .text._ZN3vex11this_thread9sleep_forEm
                0x03804e8c        0x4 C:\Program Files (x86)\VEX Robotics\VEXcode Pro V5\sdk/vexv5\libv5rt.a(vex_thread.cpp.obj)
                0x03804e8c                vex::this_thread::sleep_for(unsigned long)
 .text._ZN3vex5event4initEmmPFvvE
                0x03804e90        0x4 C:\Program Files (x86)\VEX Robotics\VEXcode Pro V5\sdk/vexv5\libv5rt.a(vex_event.cpp.obj)
                0x03804e90                vex::event::init(unsigned long, unsigned long, void (*)())
 .text._ZN3vex5event4initEmmPFvPvES1_
                0x03804e94        0x4 C:\Program Files (x86)\VEX Robotics\VEXcode Pro V5\sdk/vexv5\libv5rt.a(vex_event.cpp.obj)
                0x03804e94                vex::event::init(unsigned long, unsigned long, void (*)(void*), void*)
 .text._ZN3vex5event9userindexEv
                0x03804e98        0x4 C:\Program Files (x86)\VEX Robotics\VEXcode Pro V5\sdk/vexv5\libv5rt.a(vex_event.cpp.obj)
                0x03804e98                vex::event::userindex()
 .text._ZZN3vex6meventC4EmmENUlvE_4_FUNEv
                0x03804e9c        0x4 C:\Program Files (x86)\VEX Robotics\VEXcode Pro V5\sdk/vexv5\libv5rt.a(vex_mevent.cpp.obj)
 .text._ZN3vex6meventC2Emm
                0x03804ea0       0x70 C:\Program Files (x86)\VEX Robotics\VEXcode Pro V5\sdk/vexv5\libv5rt.a(vex_mevent.cpp.obj)
                0x03804ea0                vex::mevent::mevent(unsigned long, unsigned long)
                0x03804ea0                vex::mevent::mevent(unsigned long, unsigned long)
 .text._ZN3vex5brain9_getIndexEv
                0x03804f10       0x10 C:\Program Files (x86)\VEX Robotics\VEXcode Pro V5\sdk/vexv5\libv5rt.a(vex_brain.cpp.obj)
                0x03804f10                vex::brain::_getIndex()
 .text._ZN3vex5brain3lcd9setCursorEll
                0x03804f20       0x44 C:\Program Files (x86)\VEX Robotics\VEXcode Pro V5\sdk/vexv5\libv5rt.a(vex_brain.cpp.obj)
                0x03804f20                vex::brain::lcd::setCursor(long, long)
 .text._ZN3vex5brain3lcd7setFontENS_8fontTypeE
                0x03804f64      0x23c C:\Program Files (x86)\VEX Robotics\VEXcode Pro V5\sdk/vexv5\libv5rt.a(vex_brain.cpp.obj)
                0x03804f64                vex::brain::lcd::setFont(vex::fontType)
 .text._ZN3vex5brain3lcdC2Ev
                0x038051a0       0x94 C:\Program Files (x86)\VEX Robotics\VEXcode Pro V5\sdk/vexv5\libv5rt.a(vex_brain.cpp.obj)
                0x038051a0                vex::brain::lcd::lcd()
                0x038051a0                vex::brain::lcd::lcd()
 .text._ZN3vex5brainC2Ev
                0x03805234       0x3c C:\Program Files (x86)\VEX Robotics\VEXcode Pro V5\sdk/vexv5\libv5rt.a(vex_brain.cpp.obj)
                0x03805234                vex::brain::brain()
                0x03805234                vex::brain::brain()
 .text._ZN3vex5brain3lcd7printAtEllPKcz
                0x03805270       0x54 C:\Program Files (x86)\VEX Robotics\VEXcode Pro V5\sdk/vexv5\libv5rt.a(vex_brain.cpp.obj)
                0x03805270                vex::brain::lcd::printAt(long, long, char const*, ...)
 .text._ZN3vex5brain3lcd12_clearScreenEm
                0x038052c4       0x38 C:\Program Files (x86)\VEX Robotics\VEXcode Pro V5\sdk/vexv5\libv5rt.a(vex_brain.cpp.obj)
                0x038052c4                vex::brain::lcd::_clearScreen(unsigned long)
 .text._ZN3vex5brain3lcd11clearScreenERKNS_5colorE
                0x038052fc       0x20 C:\Program Files (x86)\VEX Robotics\VEXcode Pro V5\sdk/vexv5\libv5rt.a(vex_brain.cpp.obj)
                0x038052fc                vex::brain::lcd::clearScreen(vex::color const&)
 .text._ZN3vex5brain3lcd11clearScreenEv
                0x0380531c       0x2c C:\Program Files (x86)\VEX Robotics\VEXcode Pro V5\sdk/vexv5\libv5rt.a(vex_brain.cpp.obj)
                0x0380531c                vex::brain::lcd::clearScreen()
 .text._ZN3vex5brain3lcd8pressingEv
                0x03805348       0x20 C:\Program Files (x86)\VEX Robotics\VEXcode Pro V5\sdk/vexv5\libv5rt.a(vex_brain.cpp.obj)
                0x03805348                vex::brain::lcd::pressing()
 .text._ZN3vex5brainD2Ev
                0x03805368       0x20 C:\Program Files (x86)\VEX Robotics\VEXcode Pro V5\sdk/vexv5\libv5rt.a(vex_brain.cpp.obj)
                0x03805368                vex::brain::~brain()
                0x03805368                vex::brain::~brain()
 .text._ZN3vex11competition8_disableEPv
                0x03805388       0xa4 C:\Program Files (x86)\VEX Robotics\VEXcode Pro V5\sdk/vexv5\libv5rt.a(vex_competition.cpp.obj)
                0x03805388                vex::competition::_disable(void*)
 .text._ZN3vex11competition11_autonomousEv
                0x0380542c       0x80 C:\Program Files (x86)\VEX Robotics\VEXcode Pro V5\sdk/vexv5\libv5rt.a(vex_competition.cpp.obj)
                0x0380542c                vex::competition::_autonomous()
 .text._ZN3vex11competition14_drivercontrolEv
                0x038054ac       0x80 C:\Program Files (x86)\VEX Robotics\VEXcode Pro V5\sdk/vexv5\libv5rt.a(vex_competition.cpp.obj)
                0x038054ac                vex::competition::_drivercontrol()
 .text._ZN3vex11competitionC2Ev
                0x0380552c      0x13c C:\Program Files (x86)\VEX Robotics\VEXcode Pro V5\sdk/vexv5\libv5rt.a(vex_competition.cpp.obj)
                0x0380552c                vex::competition::competition()
                0x0380552c                vex::competition::competition()
 .text._ZN3vex11competitionD2Ev
                0x03805668        0x4 C:\Program Files (x86)\VEX Robotics\VEXcode Pro V5\sdk/vexv5\libv5rt.a(vex_competition.cpp.obj)
                0x03805668                vex::competition::~competition()
                0x03805668                vex::competition::~competition()
 .text._ZN3vex11competition10autonomousEPFvvE
                0x0380566c       0x44 C:\Program Files (x86)\VEX Robotics\VEXcode Pro V5\sdk/vexv5\libv5rt.a(vex_competition.cpp.obj)
                0x0380566c                vex::competition::autonomous(void (*)())
 .text._ZN3vex11competition13drivercontrolEPFvvE
                0x038056b0       0x44 C:\Program Files (x86)\VEX Robotics\VEXcode Pro V5\sdk/vexv5\libv5rt.a(vex_competition.cpp.obj)
                0x038056b0                vex::competition::drivercontrol(void (*)())
 .text._ZN3vex7triportD2Ev
                0x038056f4       0x38 C:\Program Files (x86)\VEX Robotics\VEXcode Pro V5\sdk/vexv5\libv5rt.a(vex_triport.cpp.obj)
                0x038056f4                vex::triport::~triport()
                0x038056f4                vex::triport::~triport()
 .text._ZN3vex7triportD0Ev
                0x0380572c       0x1c C:\Program Files (x86)\VEX Robotics\VEXcode Pro V5\sdk/vexv5\libv5rt.a(vex_triport.cpp.obj)
                0x0380572c                vex::triport::~triport()
 .text._ZN3vex7triport9installedEv
                0x03805748       0x18 C:\Program Files (x86)\VEX Robotics\VEXcode Pro V5\sdk/vexv5\libv5rt.a(vex_triport.cpp.obj)
                0x03805748                vex::triport::installed()
 .text._ZN3vex7triport4portC2ElPS0_
                0x03805760       0x74 C:\Program Files (x86)\VEX Robotics\VEXcode Pro V5\sdk/vexv5\libv5rt.a(vex_triport.cpp.obj)
                0x03805760                vex::triport::port::port(long, vex::triport*)
                0x03805760                vex::triport::port::port(long, vex::triport*)
 .text._ZN3vex7triportC2El
                0x038057d4       0xf0 C:\Program Files (x86)\VEX Robotics\VEXcode Pro V5\sdk/vexv5\libv5rt.a(vex_triport.cpp.obj)
                0x038057d4                vex::triport::triport(long)
                0x038057d4                vex::triport::triport(long)
 .text._ZN3vex7triport4port4typeENS_11triportTypeE
                0x038058c4       0x30 C:\Program Files (x86)\VEX Robotics\VEXcode Pro V5\sdk/vexv5\libv5rt.a(vex_triport.cpp.obj)
                0x038058c4                vex::triport::port::type(vex::triportType)
 .text._ZN3vex7triport4port4typeEv
                0x038058f4       0x38 C:\Program Files (x86)\VEX Robotics\VEXcode Pro V5\sdk/vexv5\libv5rt.a(vex_triport.cpp.obj)
                0x038058f4                vex::triport::port::type()
 .text._ZN3vex7triport4port5valueEv
                0x0380592c       0x14 C:\Program Files (x86)\VEX Robotics\VEXcode Pro V5\sdk/vexv5\libv5rt.a(vex_triport.cpp.obj)
                0x0380592c                vex::triport::port::value()
 .text._ZN3vex7triport4port5valueEl
                0x03805940       0x18 C:\Program Files (x86)\VEX Robotics\VEXcode Pro V5\sdk/vexv5\libv5rt.a(vex_triport.cpp.obj)
                0x03805940                vex::triport::port::value(long)
 .text._ZN3vex7triport4port8rotationENS_13rotationUnitsE
                0x03805958       0x40 C:\Program Files (x86)\VEX Robotics\VEXcode Pro V5\sdk/vexv5\libv5rt.a(vex_triport.cpp.obj)
                0x03805958                vex::triport::port::rotation(vex::rotationUnits)
 .text._ZN3vex11__trideviceC2ERNS_7triport4portENS_11triportTypeE
                0x03805998       0x5c C:\Program Files (x86)\VEX Robotics\VEXcode Pro V5\sdk/vexv5\libv5rt.a(vex_triport.cpp.obj)
                0x03805998                vex::__tridevice::__tridevice(vex::triport::port&, vex::triportType)
                0x03805998                vex::__tridevice::__tridevice(vex::triport::port&, vex::triportType)
 .text._ZN3vex11digital_outC2ERNS_7triport4portE
                0x038059f4       0x18 C:\Program Files (x86)\VEX Robotics\VEXcode Pro V5\sdk/vexv5\libv5rt.a(vex_triport.cpp.obj)
                0x038059f4                vex::digital_out::digital_out(vex::triport::port&)
                0x038059f4                vex::digital_out::digital_out(vex::triport::port&)
 .text._ZN3vex11digital_out3setEb
                0x03805a0c        0x8 C:\Program Files (x86)\VEX Robotics\VEXcode Pro V5\sdk/vexv5\libv5rt.a(vex_triport.cpp.obj)
                0x03805a0c                vex::digital_out::set(bool)
 .text._ZN3vex10pneumaticsC2ERNS_7triport4portE
                0x03805a14       0x14 C:\Program Files (x86)\VEX Robotics\VEXcode Pro V5\sdk/vexv5\libv5rt.a(vex_triport.cpp.obj)
                0x03805a14                vex::pneumatics::pneumatics(vex::triport::port&)
                0x03805a14                vex::pneumatics::pneumatics(vex::triport::port&)
 .text._ZN3vex10pneumaticsD2Ev
                0x03805a28        0x4 C:\Program Files (x86)\VEX Robotics\VEXcode Pro V5\sdk/vexv5\libv5rt.a(vex_triport.cpp.obj)
                0x03805a28                vex::pneumatics::~pneumatics()
                0x03805a28                vex::pneumatics::~pneumatics()
 .text._ZN3vex7encoderC2ERNS_7triport4portE
                0x03805a2c       0x20 C:\Program Files (x86)\VEX Robotics\VEXcode Pro V5\sdk/vexv5\libv5rt.a(vex_triport.cpp.obj)
                0x03805a2c                vex::encoder::encoder(vex::triport::port&)
                0x03805a2c                vex::encoder::encoder(vex::triport::port&)
 .text._ZN3vex7encoderD2Ev
                0x03805a4c        0x4 C:\Program Files (x86)\VEX Robotics\VEXcode Pro V5\sdk/vexv5\libv5rt.a(vex_triport.cpp.obj)
                0x03805a4c                vex::encoder::~encoder()
                0x03805a4c                vex::encoder::~encoder()
 .text._ZN3vex7encoder8positionENS_13rotationUnitsE
                0x03805a50        0x8 C:\Program Files (x86)\VEX Robotics\VEXcode Pro V5\sdk/vexv5\libv5rt.a(vex_triport.cpp.obj)
                0x03805a50                vex::encoder::position(vex::rotationUnits)
 .text._ZN3vex5colorD2Ev
                0x03805a58        0x4 C:\Program Files (x86)\VEX Robotics\VEXcode Pro V5\sdk/vexv5\libv5rt.a(vex_color.cpp.obj)
                0x03805a58                vex::color::~color()
                0x03805a58                vex::color::~color()
 .text._ZNK3vex5colorcvmEv
                0x03805a5c        0x8 C:\Program Files (x86)\VEX Robotics\VEXcode Pro V5\sdk/vexv5\libv5rt.a(vex_color.cpp.obj)
                0x03805a5c                vex::color::operator unsigned long() const
 .text.startup._GLOBAL__sub_I__ZN3vex5color5blackE
                0x03805a64      0x164 C:\Program Files (x86)\VEX Robotics\VEXcode Pro V5\sdk/vexv5\libv5rt.a(vex_color.cpp.obj)
 .text._ZN3vex5timerD2Ev
                0x03805bc8        0x4 C:\Program Files (x86)\VEX Robotics\VEXcode Pro V5\sdk/vexv5\libv5rt.a(vex_timer.cpp.obj)
                0x03805bc8                vex::timer::~timer()
                0x03805bc8                vex::timer::~timer()
 .text._ZN3vex5timer5clearEv
                0x03805bcc       0x1c C:\Program Files (x86)\VEX Robotics\VEXcode Pro V5\sdk/vexv5\libv5rt.a(vex_timer.cpp.obj)
                0x03805bcc                vex::timer::clear()
 .text._ZN3vex5timerC2Ev
                0x03805be8       0x14 C:\Program Files (x86)\VEX Robotics\VEXcode Pro V5\sdk/vexv5\libv5rt.a(vex_timer.cpp.obj)
                0x03805be8                vex::timer::timer()
                0x03805be8                vex::timer::timer()
 .text._ZN3vex11motor_group18motor_group_motorsC2Ev
                0x03805bfc       0x28 C:\Program Files (x86)\VEX Robotics\VEXcode Pro V5\sdk/vexv5\libv5rt.a(vex_motorgroup.cpp.obj)
                0x03805bfc                vex::motor_group::motor_group_motors::motor_group_motors()
                0x03805bfc                vex::motor_group::motor_group_motors::motor_group_motors()
 .text._ZN3vex11motor_group18motor_group_motorsC2ERKS1_
                0x03805c24       0x20 C:\Program Files (x86)\VEX Robotics\VEXcode Pro V5\sdk/vexv5\libv5rt.a(vex_motorgroup.cpp.obj)
                0x03805c24                vex::motor_group::motor_group_motors::motor_group_motors(vex::motor_group::motor_group_motors const&)
                0x03805c24                vex::motor_group::motor_group_motors::motor_group_motors(vex::motor_group::motor_group_motors const&)
 .text._ZN3vex11motor_groupC2Ev
                0x03805c44       0x1c C:\Program Files (x86)\VEX Robotics\VEXcode Pro V5\sdk/vexv5\libv5rt.a(vex_motorgroup.cpp.obj)
                0x03805c44                vex::motor_group::motor_group()
                0x03805c44                vex::motor_group::motor_group()
 .text._ZN3vex11motor_groupD2Ev
                0x03805c60        0x4 C:\Program Files (x86)\VEX Robotics\VEXcode Pro V5\sdk/vexv5\libv5rt.a(vex_motorgroup.cpp.obj)
                0x03805c60                vex::motor_group::~motor_group()
                0x03805c60                vex::motor_group::~motor_group()
 .text._ZN3vex11motor_group9_addMotorERNS_5motorE
                0x03805c64       0x20 C:\Program Files (x86)\VEX Robotics\VEXcode Pro V5\sdk/vexv5\libv5rt.a(vex_motorgroup.cpp.obj)
                0x03805c64                vex::motor_group::_addMotor(vex::motor&)
 .text._ZN3vex11motor_group4spinENS_13directionTypeEdNS_12voltageUnitsE
                0x03805c84       0x54 C:\Program Files (x86)\VEX Robotics\VEXcode Pro V5\sdk/vexv5\libv5rt.a(vex_motorgroup.cpp.obj)
                0x03805c84                vex::motor_group::spin(vex::directionType, double, vex::voltageUnits)
 .text._ZN3vex11motor_group4stopEv
                0x03805cd8       0x30 C:\Program Files (x86)\VEX Robotics\VEXcode Pro V5\sdk/vexv5\libv5rt.a(vex_motorgroup.cpp.obj)
                0x03805cd8                vex::motor_group::stop()
 .text._ZN3vex11motor_group4stopENS_9brakeTypeE
                0x03805d08       0x38 C:\Program Files (x86)\VEX Robotics\VEXcode Pro V5\sdk/vexv5\libv5rt.a(vex_motorgroup.cpp.obj)
                0x03805d08                vex::motor_group::stop(vex::brakeType)
 .text._ZN3vex11motor_group8positionENS_13rotationUnitsE
                0x03805d40        0xc C:\Program Files (x86)\VEX Robotics\VEXcode Pro V5\sdk/vexv5\libv5rt.a(vex_motorgroup.cpp.obj)
                0x03805d40                vex::motor_group::position(vex::rotationUnits)
 .text.vexAdiPortConfigSet
                0x03805d4c       0x28 C:\Program Files (x86)\VEX Robotics\VEXcode Pro V5\sdk/vexv5\libv5rt.a(v5_apiuser.c.obj)
                0x03805d4c                vexAdiPortConfigSet
 .text.vexAdiPortConfigGet
                0x03805d74       0x28 C:\Program Files (x86)\VEX Robotics\VEXcode Pro V5\sdk/vexv5\libv5rt.a(v5_apiuser.c.obj)
                0x03805d74                vexAdiPortConfigGet
 .text.vexAdiValueSet
                0x03805d9c       0x28 C:\Program Files (x86)\VEX Robotics\VEXcode Pro V5\sdk/vexv5\libv5rt.a(v5_apiuser.c.obj)
                0x03805d9c                vexAdiValueSet
 .text.vexAdiValueGet
                0x03805dc4       0x20 C:\Program Files (x86)\VEX Robotics\VEXcode Pro V5\sdk/vexv5\libv5rt.a(v5_apiuser.c.obj)
                0x03805dc4                vexAdiValueGet
 .text.vexMotorVelocitySet
                0x03805de4       0x20 C:\Program Files (x86)\VEX Robotics\VEXcode Pro V5\sdk/vexv5\libv5rt.a(v5_apiuser.c.obj)
                0x03805de4                vexMotorVelocitySet
 .text.vexMotorVoltageSet
                0x03805e04       0x20 C:\Program Files (x86)\VEX Robotics\VEXcode Pro V5\sdk/vexv5\libv5rt.a(v5_apiuser.c.obj)
                0x03805e04                vexMotorVoltageSet
 .text.vexMotorActualVelocityGet
                0x03805e24       0x24 C:\Program Files (x86)\VEX Robotics\VEXcode Pro V5\sdk/vexv5\libv5rt.a(v5_apiuser.c.obj)
                0x03805e24                vexMotorActualVelocityGet
 .text.vexMotorReverseFlagSet
                0x03805e48       0x20 C:\Program Files (x86)\VEX Robotics\VEXcode Pro V5\sdk/vexv5\libv5rt.a(v5_apiuser.c.obj)
                0x03805e48                vexMotorReverseFlagSet
 .text.vexMotorEncoderUnitsSet
                0x03805e68       0x20 C:\Program Files (x86)\VEX Robotics\VEXcode Pro V5\sdk/vexv5\libv5rt.a(v5_apiuser.c.obj)
                0x03805e68                vexMotorEncoderUnitsSet
 .text.vexMotorBrakeModeSet
                0x03805e88       0x20 C:\Program Files (x86)\VEX Robotics\VEXcode Pro V5\sdk/vexv5\libv5rt.a(v5_apiuser.c.obj)
                0x03805e88                vexMotorBrakeModeSet
 .text.vexMotorPositionSet
                0x03805ea8       0x28 C:\Program Files (x86)\VEX Robotics\VEXcode Pro V5\sdk/vexv5\libv5rt.a(v5_apiuser.c.obj)
                0x03805ea8                vexMotorPositionSet
 .text.vexMotorPositionGet
                0x03805ed0       0x24 C:\Program Files (x86)\VEX Robotics\VEXcode Pro V5\sdk/vexv5\libv5rt.a(v5_apiuser.c.obj)
                0x03805ed0                vexMotorPositionGet
 .text.vexMotorGearingSet
                0x03805ef4       0x20 C:\Program Files (x86)\VEX Robotics\VEXcode Pro V5\sdk/vexv5\libv5rt.a(v5_apiuser.c.obj)
                0x03805ef4                vexMotorGearingSet
 .text.vexMotorGearingGet
                0x03805f14       0x18 C:\Program Files (x86)\VEX Robotics\VEXcode Pro V5\sdk/vexv5\libv5rt.a(v5_apiuser.c.obj)
                0x03805f14                vexMotorGearingGet
 .text.vexImuReset
                0x03805f2c       0x10 C:\Program Files (x86)\VEX Robotics\VEXcode Pro V5\sdk/vexv5\libv5rt.a(v5_apiuser.c.obj)
                0x03805f2c                vexImuReset
 .text.vexImuHeadingGet
                0x03805f3c       0x10 C:\Program Files (x86)\VEX Robotics\VEXcode Pro V5\sdk/vexv5\libv5rt.a(v5_apiuser.c.obj)
                0x03805f3c                vexImuHeadingGet
 .text.vexImuDegreesGet
                0x03805f4c       0x10 C:\Program Files (x86)\VEX Robotics\VEXcode Pro V5\sdk/vexv5\libv5rt.a(v5_apiuser.c.obj)
                0x03805f4c                vexImuDegreesGet
 .text.vexImuStatusGet
                0x03805f5c       0x10 C:\Program Files (x86)\VEX Robotics\VEXcode Pro V5\sdk/vexv5\libv5rt.a(v5_apiuser.c.obj)
                0x03805f5c                vexImuStatusGet
 .text.vexAbsEncPositionGet
                0x03805f6c       0x10 C:\Program Files (x86)\VEX Robotics\VEXcode Pro V5\sdk/vexv5\libv5rt.a(v5_apiuser.c.obj)
                0x03805f6c                vexAbsEncPositionGet
 .text.vexAbsEncAngleGet
                0x03805f7c       0x10 C:\Program Files (x86)\VEX Robotics\VEXcode Pro V5\sdk/vexv5\libv5rt.a(v5_apiuser.c.obj)
                0x03805f7c                vexAbsEncAngleGet
 .text.vexAbsEncReverseFlagSet
                0x03805f8c       0x18 C:\Program Files (x86)\VEX Robotics\VEXcode Pro V5\sdk/vexv5\libv5rt.a(v5_apiuser.c.obj)
                0x03805f8c                vexAbsEncReverseFlagSet
 .text.vexEventMaskSet
                0x03805fa4       0x28 C:\Program Files (x86)\VEX Robotics\VEXcode Pro V5\sdk/vexv5\libv5rt.a(v5_apiuser.c.obj)
                0x03805fa4                vexEventMaskSet
 .text.vexEventMaskGet
                0x03805fcc       0x18 C:\Program Files (x86)\VEX Robotics\VEXcode Pro V5\sdk/vexv5\libv5rt.a(v5_apiuser.c.obj)
                0x03805fcc                vexEventMaskGet
 .text._ZN3vex6deviceD2Ev
                0x03805fe4        0x4 C:\Program Files (x86)\VEX Robotics\VEXcode Pro V5\sdk/vexv5\libv5rt.a(vex_device.cpp.obj)
                0x03805fe4                vex::device::~device()
                0x03805fe4                vex::device::~device()
 .text._ZN3vex6device5valueEv
                0x03805fe8        0x8 C:\Program Files (x86)\VEX Robotics\VEXcode Pro V5\sdk/vexv5\libv5rt.a(vex_device.cpp.obj)
                0x03805fe8                vex::device::value()
 .text._ZN3vex6deviceD0Ev
                0x03805ff0       0x14 C:\Program Files (x86)\VEX Robotics\VEXcode Pro V5\sdk/vexv5\libv5rt.a(vex_device.cpp.obj)
                0x03805ff0                vex::device::~device()
 .text._ZN3vex6device4initEl
                0x03806004       0x30 C:\Program Files (x86)\VEX Robotics\VEXcode Pro V5\sdk/vexv5\libv5rt.a(vex_device.cpp.obj)
                0x03806004                vex::device::init(long)
 .text._ZN3vex6deviceC2El
                0x03806034       0x20 C:\Program Files (x86)\VEX Robotics\VEXcode Pro V5\sdk/vexv5\libv5rt.a(vex_device.cpp.obj)
                0x03806034                vex::device::device(long)
                0x03806034                vex::device::device(long)
 .text._ZN3vex6device4typeEv
                0x03806054       0x10 C:\Program Files (x86)\VEX Robotics\VEXcode Pro V5\sdk/vexv5\libv5rt.a(vex_device.cpp.obj)
                0x03806054                vex::device::type()
 .text._ZN3vex6device9installedEv
                0x03806064       0x14 C:\Program Files (x86)\VEX Robotics\VEXcode Pro V5\sdk/vexv5\libv5rt.a(vex_device.cpp.obj)
                0x03806064                vex::device::installed()
 .text.__libc_fini_array
                0x03806078       0x30 C:\Program Files (x86)\VEX Robotics\VEXcode Pro V5\sdk/vexv5/gcc/libs\libc.a(lib_a-fini.o)
                0x03806078                __libc_fini_array
 .text.__libc_init_array
                0x038060a8       0x58 C:\Program Files (x86)\VEX Robotics\VEXcode Pro V5\sdk/vexv5/gcc/libs\libc.a(lib_a-init.o)
                0x038060a8                __libc_init_array
 .text.hypot    0x03806100       0xb4 C:\Program Files (x86)\VEX Robotics\VEXcode Pro V5\sdk/vexv5/gcc/libs\libm.a(lib_a-w_hypot.o)
                0x03806100                hypot
 .text.__ieee754_hypot
                0x038061b4      0x198 C:\Program Files (x86)\VEX Robotics\VEXcode Pro V5\sdk/vexv5/gcc/libs\libm.a(lib_a-e_hypot.o)
                0x038061b4                __ieee754_hypot
 *fill*         0x0380634c        0x4 
 .text.__ieee754_hypot.__stub
                0x03806350       0x18 linker stubs
 *(.gnu.linkonce.t.*)
 *(.plt)
 *(.gnu_warning)
 *(.gcc_except_table)
 *(.glue_7)
 .glue_7        0x00000000        0x0 linker stubs
 *(.glue_7t)
 .glue_7t       0x00000000        0x0 linker stubs
 *(.vfp11_veneer)
 .vfp11_veneer  0x00000000        0x0 linker stubs
 *(.ARM.extab)
 *(.gnu.linkonce.armextab.*)

.v4_bx          0x03806368        0x0
 .v4_bx         0x00000000        0x0 linker stubs

.iplt           0x03806368        0x0
 .iplt          0x00000000        0x0 build/src/main.o

.init
 *(.init)

.fini
 *(.fini)

.rodata         0x03806368      0x204
                0x03806368                __rodata_start = .
 *(.rodata)
 *(.rodata.*)
 .rodata.str1.1
                0x03806368       0x2e build/src/main.o
 .rodata.str1.1
                0x03806396       0x2e C:\Program Files (x86)\VEX Robotics\VEXcode Pro V5\sdk/vexv5\libv5rt.a(v5_startup.c.obj)
 .rodata._ZN3vex6PORT20E
                0x038063c4        0x4 C:\Program Files (x86)\VEX Robotics\VEXcode Pro V5\sdk/vexv5\libv5rt.a(vex_global.cpp.obj)
                0x038063c4                vex::PORT20
 .rodata._ZN3vex3fwdE
                0x038063c8        0x4 C:\Program Files (x86)\VEX Robotics\VEXcode Pro V5\sdk/vexv5\libv5rt.a(vex_global.cpp.obj)
                0x038063c8                vex::fwd
 .rodata._ZN3vex5PORT3E
                0x038063cc        0x4 C:\Program Files (x86)\VEX Robotics\VEXcode Pro V5\sdk/vexv5\libv5rt.a(vex_global.cpp.obj)
                0x038063cc                vex::PORT3
 .rodata._ZN3vex5PORT1E
                0x038063d0        0x4 C:\Program Files (x86)\VEX Robotics\VEXcode Pro V5\sdk/vexv5\libv5rt.a(vex_global.cpp.obj)
                0x038063d0                vex::PORT1
 .rodata._ZN3vex7reverseE
                0x038063d4        0x4 C:\Program Files (x86)\VEX Robotics\VEXcode Pro V5\sdk/vexv5\libv5rt.a(vex_global.cpp.obj)
                0x038063d4                vex::reverse
 .rodata._ZN3vex4voltE
                0x038063d8        0x4 C:\Program Files (x86)\VEX Robotics\VEXcode Pro V5\sdk/vexv5\libv5rt.a(vex_global.cpp.obj)
                0x038063d8                vex::volt
 .rodata._ZN3vex6PORT10E
                0x038063dc        0x4 C:\Program Files (x86)\VEX Robotics\VEXcode Pro V5\sdk/vexv5\libv5rt.a(vex_global.cpp.obj)
                0x038063dc                vex::PORT10
 .rodata._ZN3vex7forwardE
                0x038063e0        0x4 C:\Program Files (x86)\VEX Robotics\VEXcode Pro V5\sdk/vexv5\libv5rt.a(vex_global.cpp.obj)
                0x038063e0                vex::forward
 .rodata._ZN3vex4msecE
                0x038063e4        0x4 C:\Program Files (x86)\VEX Robotics\VEXcode Pro V5\sdk/vexv5\libv5rt.a(vex_global.cpp.obj)
                0x038063e4                vex::msec
 .rodata._ZN3vex9ratio36_1E
                0x038063e8        0x4 C:\Program Files (x86)\VEX Robotics\VEXcode Pro V5\sdk/vexv5\libv5rt.a(vex_global.cpp.obj)
                0x038063e8                vex::ratio36_1
 .rodata._ZN3vex5PORT9E
                0x038063ec        0x4 C:\Program Files (x86)\VEX Robotics\VEXcode Pro V5\sdk/vexv5\libv5rt.a(vex_global.cpp.obj)
                0x038063ec                vex::PORT9
 .rodata._ZN3vex5PORT2E
                0x038063f0        0x4 C:\Program Files (x86)\VEX Robotics\VEXcode Pro V5\sdk/vexv5\libv5rt.a(vex_global.cpp.obj)
                0x038063f0                vex::PORT2
 .rodata._ZN3vex6PORT11E
                0x038063f4        0x4 C:\Program Files (x86)\VEX Robotics\VEXcode Pro V5\sdk/vexv5\libv5rt.a(vex_global.cpp.obj)
                0x038063f4                vex::PORT11
 .rodata._ZN3vex7primaryE
                0x038063f8        0x4 C:\Program Files (x86)\VEX Robotics\VEXcode Pro V5\sdk/vexv5\libv5rt.a(vex_global.cpp.obj)
                0x038063f8                vex::primary
 .rodata._ZN3vex3degE
                0x038063fc        0x4 C:\Program Files (x86)\VEX Robotics\VEXcode Pro V5\sdk/vexv5\libv5rt.a(vex_global.cpp.obj)
                0x038063fc                vex::deg
 .rodata._ZN3vex6PORT22E
                0x03806400        0x4 C:\Program Files (x86)\VEX Robotics\VEXcode Pro V5\sdk/vexv5\libv5rt.a(vex_global.cpp.obj)
                0x03806400                vex::PORT22
 .rodata._ZN3vex4holdE
                0x03806404        0x4 C:\Program Files (x86)\VEX Robotics\VEXcode Pro V5\sdk/vexv5\libv5rt.a(vex_global.cpp.obj)
                0x03806404                vex::hold
 .rodata._ZN3vex6PORT12E
                0x03806408        0x4 C:\Program Files (x86)\VEX Robotics\VEXcode Pro V5\sdk/vexv5\libv5rt.a(vex_global.cpp.obj)
                0x03806408                vex::PORT12
 .rodata._ZN3vex8ratio6_1E
                0x0380640c        0x4 C:\Program Files (x86)\VEX Robotics\VEXcode Pro V5\sdk/vexv5\libv5rt.a(vex_global.cpp.obj)
                0x0380640c                vex::ratio6_1
 .rodata._ZN3vex5brakeE
                0x03806410        0x4 C:\Program Files (x86)\VEX Robotics\VEXcode Pro V5\sdk/vexv5\libv5rt.a(vex_global.cpp.obj)
                0x03806410                vex::brake
 .rodata._ZN3vex5PORT4E
                0x03806414        0x4 C:\Program Files (x86)\VEX Robotics\VEXcode Pro V5\sdk/vexv5\libv5rt.a(vex_global.cpp.obj)
                0x03806414                vex::PORT4
 .rodata._ZTVN3vex5motorE
                0x03806418       0x18 C:\Program Files (x86)\VEX Robotics\VEXcode Pro V5\sdk/vexv5\libv5rt.a(vex_motor.cpp.obj)
                0x03806418                vtable for vex::motor
 .rodata._ZTVN3vex8inertialE
                0x03806430       0x68 C:\Program Files (x86)\VEX Robotics\VEXcode Pro V5\sdk/vexv5\libv5rt.a(vex_imu.cpp.obj)
                0x03806430                vtable for vex::inertial
 .rodata._ZTVN3vex8rotationE
                0x03806498       0x18 C:\Program Files (x86)\VEX Robotics\VEXcode Pro V5\sdk/vexv5\libv5rt.a(vex_rotation.cpp.obj)
                0x03806498                vtable for vex::rotation
 .rodata.CSWTCH.16
                0x038064b0        0xb C:\Program Files (x86)\VEX Robotics\VEXcode Pro V5\sdk/vexv5\libv5rt.a(vex_controller.cpp.obj)
 .rodata.CSWTCH.18
                0x038064bb        0xb C:\Program Files (x86)\VEX Robotics\VEXcode Pro V5\sdk/vexv5\libv5rt.a(vex_controller.cpp.obj)
 .rodata.CSWTCH.24
                0x038064c6        0x3 C:\Program Files (x86)\VEX Robotics\VEXcode Pro V5\sdk/vexv5\libv5rt.a(vex_controller.cpp.obj)
 .rodata.str1.1
                0x038064c9       0x14 C:\Program Files (x86)\VEX Robotics\VEXcode Pro V5\sdk/vexv5\libv5rt.a(vex_task.cpp.obj)
 .rodata.str1.1
                0x038064dd       0x2d C:\Program Files (x86)\VEX Robotics\VEXcode Pro V5\sdk/vexv5\libv5rt.a(vex_brain.cpp.obj)
 *fill*         0x0380650a        0x6 
 .rodata._ZTVN3vex7triportE
                0x03806510       0x18 C:\Program Files (x86)\VEX Robotics\VEXcode Pro V5\sdk/vexv5\libv5rt.a(vex_triport.cpp.obj)
                0x03806510                vtable for vex::triport
 .rodata.CSWTCH.38
                0x03806528       0x10 C:\Program Files (x86)\VEX Robotics\VEXcode Pro V5\sdk/vexv5\libv5rt.a(vex_triport.cpp.obj)
 .rodata.CSWTCH.33
                0x03806538        0xe C:\Program Files (x86)\VEX Robotics\VEXcode Pro V5\sdk/vexv5\libv5rt.a(vex_triport.cpp.obj)
 *fill*         0x03806546        0x2 
 .rodata._ZTVN3vex6deviceE
                0x03806548       0x18 C:\Program Files (x86)\VEX Robotics\VEXcode Pro V5\sdk/vexv5\libv5rt.a(vex_device.cpp.obj)
                0x03806548                vtable for vex::device
 .rodata.str1.4
                0x03806560        0x2 C:\Program Files (x86)\VEX Robotics\VEXcode Pro V5\sdk/vexv5/gcc/libs\libc.a(lib_a-impure.o)
 *fill*         0x03806562        0x2 
 .rodata.str1.4
                0x03806564        0x8 C:\Program Files (x86)\VEX Robotics\VEXcode Pro V5\sdk/vexv5/gcc/libs\libm.a(lib_a-w_hypot.o)
                                  0x6 (size before relaxing)
 *(.gnu.linkonce.r.*)
                0x0380656c                __rodata_end = .

.rodata1        0x0380656c        0x0
                0x0380656c                __rodata1_start = .
 *(.rodata1)
 *(.rodata1.*)
                0x0380656c                __rodata1_end = .

.sdata2         0x0380656c        0x0
                0x0380656c                __sdata2_start = .
 *(.sdata2)
 *(.sdata2.*)
 *(.gnu.linkonce.s2.*)
                0x0380656c                __sdata2_end = .

.sbss2          0x0380656c        0x0
                0x0380656c                __sbss2_start = .
 *(.sbss2)
 *(.sbss2.*)
 *(.gnu.linkonce.sb2.*)
                0x0380656c                __sbss2_end = .

.data           0x03806570      0xbcd
                0x03806570                __data_start = .
 *(.data)
 *(.data.*)
 .data.sp1      0x03806570       0x10 build/src/autons.o
                0x03806570                sp1
 .data.sp2      0x03806580       0x10 build/src/autons.o
                0x03806580                sp2
 .data.sp3      0x03806590       0x10 build/src/autons.o
                0x03806590                sp3
 .data.sp4      0x038065a0       0x10 build/src/autons.o
                0x038065a0                sp4
 .data.sp5      0x038065b0       0x10 build/src/autons.o
                0x038065b0                sp5
 .data.sp6      0x038065c0       0x10 build/src/autons.o
                0x038065c0                sp6
 .data.sp7      0x038065d0       0x10 build/src/autons.o
                0x038065d0                sp7
 .data.sp8      0x038065e0       0x10 build/src/autons.o
                0x038065e0                sp8
 .data.sp9      0x038065f0       0x10 build/src/autons.o
                0x038065f0                sp9
 .data.sp10     0x03806600       0x10 build/src/autons.o
                0x03806600                sp10
 .data.sp11     0x03806610       0x10 build/src/autons.o
                0x03806610                sp11
 .data.sp12     0x03806620       0x10 build/src/autons.o
                0x03806620                sp12
 .data.sp13     0x03806630       0x10 build/src/autons.o
                0x03806630                sp13
 .data.sp14     0x03806640       0x10 build/src/autons.o
                0x03806640                sp14
 .data.sp15     0x03806650       0x10 build/src/autons.o
                0x03806650                sp15
 .data.sp16     0x03806660       0x10 build/src/autons.o
                0x03806660                sp16
 .data.sp17     0x03806670       0x10 build/src/autons.o
                0x03806670                sp17
 .data.sp18     0x03806680       0x10 build/src/autons.o
                0x03806680                sp18
 .data.sp19     0x03806690       0x10 build/src/autons.o
                0x03806690                sp19
 .data.sp20     0x038066a0       0x10 build/src/autons.o
                0x038066a0                sp20
 .data.sp21     0x038066b0       0x10 build/src/autons.o
                0x038066b0                sp21
 .data.sp22     0x038066c0       0x10 build/src/autons.o
                0x038066c0                sp22
 .data.sp23     0x038066d0       0x10 build/src/autons.o
                0x038066d0                sp23
 .data.sp24     0x038066e0       0x10 build/src/autons.o
                0x038066e0                sp24
 .data.sp25     0x038066f0       0x10 build/src/autons.o
                0x038066f0                sp25
 .data.sp26     0x03806700       0x10 build/src/autons.o
                0x03806700                sp26
 .data.sp27     0x03806710       0x10 build/src/autons.o
                0x03806710                sp27
 .data.sp28     0x03806720       0x10 build/src/autons.o
                0x03806720                sp28
 .data.sp29     0x03806730       0x10 build/src/autons.o
                0x03806730                sp29
 .data.sp30     0x03806740       0x10 build/src/autons.o
                0x03806740                sp30
 .data.sp31     0x03806750       0x10 build/src/autons.o
                0x03806750                sp31
 .data.sp32     0x03806760       0x10 build/src/autons.o
                0x03806760                sp32
 .data.sp33     0x03806770       0x10 build/src/autons.o
                0x03806770                sp33
 .data.sp34     0x03806780       0x10 build/src/autons.o
                0x03806780                sp34
 .data.sp35     0x03806790       0x10 build/src/autons.o
                0x03806790                sp35
 .data.sp36     0x038067a0       0x10 build/src/autons.o
                0x038067a0                sp36
 .data.sp37     0x038067b0       0x10 build/src/autons.o
                0x038067b0                sp37
 .data.sp38     0x038067c0       0x10 build/src/autons.o
                0x038067c0                sp38
 .data.sp39     0x038067d0       0x10 build/src/autons.o
                0x038067d0                sp39
 .data.sp40     0x038067e0       0x10 build/src/autons.o
                0x038067e0                sp40
 .data.sp41     0x038067f0       0x10 build/src/autons.o
                0x038067f0                sp41
 .data.sp42     0x03806800       0x10 build/src/autons.o
                0x03806800                sp42
 .data.sp43     0x03806810       0x10 build/src/autons.o
                0x03806810                sp43
 .data.sp44     0x03806820       0x10 build/src/autons.o
                0x03806820                sp44
 .data.sp45     0x03806830       0x10 build/src/autons.o
                0x03806830                sp45
 .data.sp46     0x03806840       0x10 build/src/autons.o
                0x03806840                sp46
 .data.sp47     0x03806850       0x10 build/src/autons.o
                0x03806850                sp47
 .data.sp48     0x03806860       0x10 build/src/autons.o
                0x03806860                sp48
 .data.sp49     0x03806870       0x10 build/src/autons.o
                0x03806870                sp49
 .data.sp50     0x03806880       0x10 build/src/autons.o
                0x03806880                sp50
 .data.sp51     0x03806890       0x10 build/src/autons.o
                0x03806890                sp51
 .data.sp52     0x038068a0       0x10 build/src/autons.o
                0x038068a0                sp52
 .data.sp53     0x038068b0       0x10 build/src/autons.o
                0x038068b0                sp53
 .data.sp54     0x038068c0       0x10 build/src/autons.o
                0x038068c0                sp54
 .data.sp55     0x038068d0       0x10 build/src/autons.o
                0x038068d0                sp55
 .data.sp56     0x038068e0       0x10 build/src/autons.o
                0x038068e0                sp56
 .data.sp57     0x038068f0       0x10 build/src/autons.o
                0x038068f0                sp57
 .data.sp58     0x03806900       0x10 build/src/autons.o
                0x03806900                sp58
 .data.sp59     0x03806910       0x10 build/src/autons.o
                0x03806910                sp59
 .data.sp60     0x03806920       0x10 build/src/autons.o
                0x03806920                sp60
 .data.sp61     0x03806930       0x10 build/src/autons.o
                0x03806930                sp61
 .data.sp62     0x03806940       0x10 build/src/autons.o
                0x03806940                sp62
 .data.sp63     0x03806950       0x10 build/src/autons.o
                0x03806950                sp63
 .data.sp64     0x03806960       0x10 build/src/autons.o
                0x03806960                sp64
 .data.sp65     0x03806970       0x10 build/src/autons.o
                0x03806970                sp65
 .data.sp66     0x03806980       0x10 build/src/autons.o
                0x03806980                sp66
 .data.sp67     0x03806990       0x10 build/src/autons.o
                0x03806990                sp67
 .data.sp68     0x038069a0       0x10 build/src/autons.o
                0x038069a0                sp68
 .data.sp69     0x038069b0       0x10 build/src/autons.o
                0x038069b0                sp69
 .data.sp70     0x038069c0       0x10 build/src/autons.o
                0x038069c0                sp70
 .data.sp71     0x038069d0       0x10 build/src/autons.o
                0x038069d0                sp71
 .data.sp72     0x038069e0       0x10 build/src/autons.o
                0x038069e0                sp72
 .data.sp73     0x038069f0       0x10 build/src/autons.o
                0x038069f0                sp73
 .data.sp74     0x03806a00       0x10 build/src/autons.o
                0x03806a00                sp74
 .data.sp75     0x03806a10       0x10 build/src/autons.o
                0x03806a10                sp75
 .data.sp76     0x03806a20       0x10 build/src/autons.o
                0x03806a20                sp76
 .data.sp77     0x03806a30       0x10 build/src/autons.o
                0x03806a30                sp77
 .data.sp78     0x03806a40       0x10 build/src/autons.o
                0x03806a40                sp78
 .data.sp79     0x03806a50       0x10 build/src/autons.o
                0x03806a50                sp79
 .data.sp80     0x03806a60       0x10 build/src/autons.o
                0x03806a60                sp80
 .data.sp81     0x03806a70       0x10 build/src/autons.o
                0x03806a70                sp81
 .data.sp82     0x03806a80       0x10 build/src/autons.o
                0x03806a80                sp82
 .data.sp83     0x03806a90       0x10 build/src/autons.o
                0x03806a90                sp83
 .data.sp84     0x03806aa0       0x10 build/src/autons.o
                0x03806aa0                sp84
 .data.sp85     0x03806ab0       0x10 build/src/autons.o
                0x03806ab0                sp85
 .data.sp86     0x03806ac0       0x10 build/src/autons.o
                0x03806ac0                sp86
 .data.sp87     0x03806ad0       0x10 build/src/autons.o
                0x03806ad0                sp87
 .data.sp88     0x03806ae0       0x10 build/src/autons.o
                0x03806ae0                sp88
 .data.sp89     0x03806af0       0x10 build/src/autons.o
                0x03806af0                sp89
 .data.sp90     0x03806b00       0x10 build/src/autons.o
                0x03806b00                sp90
 .data.sp91     0x03806b10       0x10 build/src/autons.o
                0x03806b10                sp91
 .data.sp92     0x03806b20       0x10 build/src/autons.o
                0x03806b20                sp92
 .data.sp93     0x03806b30       0x10 build/src/autons.o
                0x03806b30                sp93
 .data.sp94     0x03806b40       0x10 build/src/autons.o
                0x03806b40                sp94
 .data.sp95     0x03806b50       0x10 build/src/autons.o
                0x03806b50                sp95
 .data.sp96     0x03806b60       0x10 build/src/autons.o
                0x03806b60                sp96
 .data.sp97     0x03806b70       0x10 build/src/autons.o
                0x03806b70                sp97
 .data.sp98     0x03806b80       0x10 build/src/autons.o
                0x03806b80                sp98
 .data.sp99     0x03806b90       0x10 build/src/autons.o
                0x03806b90                sp99
 .data.sp100    0x03806ba0       0x10 build/src/autons.o
                0x03806ba0                sp100
 .data.sp101    0x03806bb0       0x10 build/src/autons.o
                0x03806bb0                sp101
 .data.sp102    0x03806bc0       0x10 build/src/autons.o
                0x03806bc0                sp102
 .data.sp103    0x03806bd0       0x10 build/src/autons.o
                0x03806bd0                sp103
 .data.sp104    0x03806be0       0x10 build/src/autons.o
                0x03806be0                sp104
 .data.sp105    0x03806bf0       0x10 build/src/autons.o
                0x03806bf0                sp105
 .data.sp106    0x03806c00       0x10 build/src/autons.o
                0x03806c00                sp106
 .data.sp107    0x03806c10       0x10 build/src/autons.o
                0x03806c10                sp107
 .data.sp108    0x03806c20       0x10 build/src/autons.o
                0x03806c20                sp108
 .data.sp109    0x03806c30       0x10 build/src/autons.o
                0x03806c30                sp109
 .data.sp110    0x03806c40       0x10 build/src/autons.o
                0x03806c40                sp110
 .data.sp111    0x03806c50       0x10 build/src/autons.o
                0x03806c50                sp111
 .data.sp112    0x03806c60       0x10 build/src/autons.o
                0x03806c60                sp112
 .data.sp113    0x03806c70       0x10 build/src/autons.o
                0x03806c70                sp113
 .data.sp114    0x03806c80       0x10 build/src/autons.o
                0x03806c80                sp114
 .data.sp115    0x03806c90       0x10 build/src/autons.o
                0x03806c90                sp115
 .data.sp116    0x03806ca0       0x10 build/src/autons.o
                0x03806ca0                sp116
 .data.sp117    0x03806cb0       0x10 build/src/autons.o
                0x03806cb0                sp117
 .data.sp118    0x03806cc0       0x10 build/src/autons.o
                0x03806cc0                sp118
 .data.sp119    0x03806cd0       0x10 build/src/autons.o
                0x03806cd0                sp119
 .data.sp120    0x03806ce0       0x10 build/src/autons.o
                0x03806ce0                sp120
 .data.sp121    0x03806cf0       0x10 build/src/autons.o
                0x03806cf0                sp121
 .data.appRunning
                0x03806d00        0x4 C:\Program Files (x86)\VEX Robotics\VEXcode Pro V5\sdk/vexv5\libv5rt.a(v5_startup.c.obj)
                0x03806d00                appRunning
 .data.__yoff   0x03806d04        0x4 C:\Program Files (x86)\VEX Robotics\VEXcode Pro V5\sdk/vexv5\libv5rt.a(v5_apijump.c.obj)
 .data._ZN3vex24__default_motor_velocityE
                0x03806d08        0x4 C:\Program Files (x86)\VEX Robotics\VEXcode Pro V5\sdk/vexv5\libv5rt.a(vex_motor.cpp.obj)
                0x03806d08                vex::__default_motor_velocity
 *fill*         0x03806d0c        0x4 
 .data.impure_data
                0x03806d10      0x428 C:\Program Files (x86)\VEX Robotics\VEXcode Pro V5\sdk/vexv5/gcc/libs\libc.a(lib_a-impure.o)
 .data._impure_ptr
                0x03807138        0x4 C:\Program Files (x86)\VEX Robotics\VEXcode Pro V5\sdk/vexv5/gcc/libs\libc.a(lib_a-impure.o)
                0x03807138                _impure_ptr
 .data.__fdlib_version
                0x0380713c        0x1 C:\Program Files (x86)\VEX Robotics\VEXcode Pro V5\sdk/vexv5/gcc/libs\libm.a(lib_a-s_lib_ver.o)
                0x0380713c                __fdlib_version
 *(.gnu.linkonce.d.*)
 *(.jcr)
 *(.got)
 *(.got.plt)
                0x0380713d                __data_end = .

.igot.plt       0x03807140        0x0
 .igot.plt      0x00000000        0x0 build/src/main.o

.data1          0x0380713d        0x0
                0x0380713d                __data1_start = .
 *(.data1)
 *(.data1.*)
                0x0380713d                __data1_end = .

.got
 *(.got)

.ctors          0x0380713d        0x0
                0x0380713d                __CTOR_LIST__ = .
                0x0380713d                ___CTORS_LIST___ = .
 *crtbegin.o(.ctors)
 *(EXCLUDE_FILE(*crtend.o) .ctors)
 *(SORT(.ctors.*))
 *(.ctors)
                0x0380713d                __CTOR_END__ = .
                0x0380713d                ___CTORS_END___ = .

.dtors          0x0380713d        0x0
                0x0380713d                __DTOR_LIST__ = .
                0x0380713d                ___DTORS_LIST___ = .
 *crtbegin.o(.dtors)
 *(EXCLUDE_FILE(*crtend.o) .dtors)
 *(SORT(.dtors.*))
 *(.dtors)
                0x0380713d                __DTOR_END__ = .
                0x0380713d                ___DTORS_END___ = .

.fixup          0x0380713d        0x0
                0x0380713d                __fixup_start = .
 *(.fixup)
                0x0380713d                __fixup_end = .

.eh_frame
 *(.eh_frame)

.eh_framehdr    0x0380713d        0x0
                0x0380713d                __eh_framehdr_start = .
 *(.eh_framehdr)
                0x0380713d                __eh_framehdr_end = .

.gcc_except_table
 *(.gcc_except_table)

.mmu_tbl        0x03808000        0x0
                0x03808000                __mmu_tbl_start = .
 *(.mmu_tbl)
                0x03808000                __mmu_tbl_end = .

.ARM.exidx      0x03807140        0x8
                0x03807140                __exidx_start = .
 *(.ARM.exidx*)
 .ARM.exidx.text._ZN3vex11motor_groupC2IJNS_5motorES2_EEERS2_DpRT_
                0x03807140        0x8 build/src/main.o
 .ARM.exidx.text._ZN5DriveD2Ev
                0x03807148        0x0 build/src/main.o
                                  0x8 (size before relaxing)
 .ARM.exidx.text._Z9pre_autonv
                0x03807148        0x0 build/src/main.o
                                  0x8 (size before relaxing)
 .ARM.exidx.text._Z10autonomousv
                0x03807148        0x0 build/src/main.o
                                  0x8 (size before relaxing)
 .ARM.exidx.text._Z11usercontrolv
                0x03807148        0x0 build/src/main.o
                                  0x8 (size before relaxing)
 .ARM.exidx.text.main
                0x03807148        0x0 build/src/main.o